--------- beginning of main
--------- beginning of system
04-25 15:22:29.246 I/ReactNativeJS(32046): Running "main"
04-25 15:22:45.844 I/ReactNativeJS(32046): [RP_SYNC] syncAll inicio tasks=catalogo,mesas,formas,configuracoes,usuarios
04-25 15:22:45.844 I/ReactNativeJS(32046): [RP_SYNC] etapa catalogo inicio
04-25 15:22:45.845 I/ReactNativeJS(32046): [RP_SYNC] etapa mesas inicio
04-25 15:22:45.849 I/ReactNativeJS(32046): [RP_SYNC] etapa formas inicio
04-25 15:22:45.854 I/ReactNativeJS(32046): [RP_SYNC] etapa configuracoes inicio
04-25 15:22:46.943 I/ReactNativeJS(32046): [RP_SYNC] menu prewarm adiado origem=inicial-focus: syncAll em andamento
04-25 15:22:47.533 I/ReactNativeJS(32046): [RP_SYNC] produtos remoto count=215 exibirImagem=false preserveCachedImages=false em 948ms
04-25 15:22:47.909 I/ReactNativeJS(32046): [RP_SYNC] etapa formas ok em 2061ms | 2 formas de pagamento atualizadas
04-25 15:22:47.909 I/ReactNativeJS(32046): [RP_SYNC] etapa usuarios inicio
04-25 15:22:47.921 I/ReactNativeJS(32046): [RP_SYNC] etapa mesas ok em 2076ms | 200 mesas atualizadas
04-25 15:22:47.922 I/ReactNativeJS(32046): [RP_SYNC] etapa configuracoes ok em 2068ms | Configurações de mesa/comanda carregadas
04-25 15:22:49.357 I/ReactNativeJS(32046): [RP_SYNC] etapa usuarios ok em 1448ms | 5 usuários carregados
04-25 15:22:51.590 I/ReactNativeJS(32046): [RP_SYNC] menu prewarm adiado origem=inicial-focus: syncAll em andamento
04-25 15:22:54.593 I/ReactNativeJS(32046): [RP_SYNC] cache produtos sem alteracao count=215 em 3039ms
04-25 15:22:54.600 I/ReactNativeJS(32046): [RP_SYNC] produtos prontos count=215 compact=true em 8015ms
04-25 15:22:54.601 I/ReactNativeJS(32046): [RP_SYNC] etapa catalogo ok em 8756ms | Catálogo: 19 categorias | 215 produtos | imagens por demanda
04-25 15:22:54.601 I/ReactNativeJS(32046): [RP_SYNC] syncAll fim status=ok em 8757ms
04-25 15:22:55.363 I/ReactNativeJS(32046): [RP_SYNC] ui Verificando disponibilidade da API: http://192.168.15.35:9000
04-25 15:22:58.217 I/ReactNativeJS(32046): [RP_SYNC] ui Iniciando sincronização completa...
04-25 15:22:58.217 I/ReactNativeJS(32046): [RP_SYNC] syncAll inicio tasks=catalogo,mesas,formas,configuracoes,usuarios
04-25 15:22:58.217 I/ReactNativeJS(32046): [RP_SYNC] etapa catalogo inicio
04-25 15:22:58.217 I/ReactNativeJS(32046): [RP_SYNC] ui Sincronizando etapa: catalogo
04-25 15:22:58.218 I/ReactNativeJS(32046): [RP_SYNC] etapa mesas inicio
04-25 15:22:58.218 I/ReactNativeJS(32046): [RP_SYNC] ui Sincronizando etapa: mesas
04-25 15:22:58.225 I/ReactNativeJS(32046): [RP_SYNC] etapa formas inicio
04-25 15:22:58.225 I/ReactNativeJS(32046): [RP_SYNC] ui Sincronizando etapa: formas
04-25 15:22:58.234 I/ReactNativeJS(32046): [RP_SYNC] etapa configuracoes inicio
04-25 15:22:58.234 I/ReactNativeJS(32046): [RP_SYNC] ui Sincronizando etapa: configuracoes
04-25 15:22:59.121 I/ReactNativeJS(32046): [RP_SYNC] produtos remoto count=215 exibirImagem=false preserveCachedImages=false em 291ms
04-25 15:22:59.705 I/ReactNativeJS(32046): [RP_SYNC] ui ✓ formas (1.5s): 2 formas de pagamento atualizadas
04-25 15:22:59.706 I/ReactNativeJS(32046): [RP_SYNC] etapa formas ok em 1481ms | 2 formas de pagamento atualizadas
04-25 15:22:59.706 I/ReactNativeJS(32046): [RP_SYNC] etapa usuarios inicio
04-25 15:22:59.706 I/ReactNativeJS(32046): [RP_SYNC] ui Sincronizando etapa: usuarios
04-25 15:22:59.721 I/ReactNativeJS(32046): [RP_SYNC] ui ✓ configuracoes (1.5s): Configurações de mesa/comanda carregadas
04-25 15:22:59.721 I/ReactNativeJS(32046): [RP_SYNC] etapa configuracoes ok em 1486ms | Configurações de mesa/comanda carregadas
04-25 15:22:59.728 I/ReactNativeJS(32046): [RP_SYNC] ui ✓ mesas (1.5s): 200 mesas atualizadas
04-25 15:22:59.729 I/ReactNativeJS(32046): [RP_SYNC] etapa mesas ok em 1510ms | 200 mesas atualizadas
04-25 15:23:03.849 I/ReactNativeJS(32046): [RP_SYNC] ui ✓ usuarios (4.1s): 5 usuários carregados
04-25 15:23:03.849 I/ReactNativeJS(32046): [RP_SYNC] etapa usuarios ok em 4143ms | 5 usuários carregados
04-25 15:23:13.674 I/ReactNativeJS(32046): [RP_SYNC] cache produtos sem alteracao count=215 em 8375ms
04-25 15:23:13.695 I/ReactNativeJS(32046): [RP_SYNC] produtos prontos count=215 compact=true em 14864ms
04-25 15:23:13.696 I/ReactNativeJS(32046): [RP_SYNC] ui ✓ catalogo (15.5s): Catálogo: 19 categorias | 215 produtos | imagens por demanda
04-25 15:23:13.697 I/ReactNativeJS(32046): [RP_SYNC] etapa catalogo ok em 15478ms | Catálogo: 19 categorias | 215 produtos | imagens por demanda
04-25 15:23:13.698 I/ReactNativeJS(32046): [RP_SYNC] syncAll fim status=ok em 15481ms
04-25 15:23:13.699 I/ReactNativeJS(32046): [RP_SYNC] menu refresh inicio preferCache=true forceRemote=false
04-25 15:23:13.700 I/ReactNativeJS(32046): [RP_SYNC] ui Atualização Permissões do usuário em 1ms
04-25 15:23:13.706 I/ReactNativeJS(32046): [RP_SYNC] menu refresh fim categorias=19 produtos=215 em 7ms
04-25 15:23:13.706 I/ReactNativeJS(32046): [RP_SYNC] ui Atualização Cardápio em 7ms
04-25 15:23:13.739 I/ReactNativeJS(32046): [RP_SYNC] ui Sincronização concluída em 2026-04-25T18:22:58.217Z | status: ok
04-25 15:23:23.015 I/ReactNativeJS(32046): [RP_SYNC] ui Atualização Painel em segundo plano em 9.3s
04-25 15:23:24.774 I/ReactNativeJS(32046): [RP_SYNC] menu prewarm inicio origem=inicial-focus cats=19 produtos=215
04-25 15:23:24.774 I/ReactNativeJS(32046): [RP_SYNC] menu refresh inicio preferCache=true forceRemote=false
04-25 15:23:24.789 I/ReactNativeJS(32046): [RP_SYNC] menu refresh fim categorias=19 produtos=215 em 15ms
04-25 15:23:24.789 I/ReactNativeJS(32046): [RP_SYNC] menu prewarm fim origem=inicial-focus em 15ms
04-25 15:23:44.302 I/ReactNativeJS(32046): 'VirtualizedList: You have a large list that is slow to update - make sure your renderItem function renders components that follow React performance best practices like PureComponent, shouldComponentUpdate, etc.', { dt: 644, prevDt: 1440, contentLength: 2896.5 }
