--------- beginning of main
--------- beginning of system
04-25 14:43:10.948 I/ReactNativeJS(27040): [RP_SYNC] menu prewarm inicio origem=inicial-focus cats=19 produtos=215
04-25 14:43:10.948 I/ReactNativeJS(27040): [RP_SYNC] menu refresh inicio preferCache=true forceRemote=false
04-25 14:43:14.231 I/ReactNativeJS(27040): [RP_SYNC] cache produtos sqlite compacto count=215 em 2219ms
04-25 14:43:14.247 I/ReactNativeJS(27040): [RP_SYNC] menu refresh fim categorias=19 produtos=215 em 3299ms
04-25 14:43:14.247 I/ReactNativeJS(27040): [RP_SYNC] menu prewarm fim origem=inicial-focus em 3299ms
04-25 14:43:19.370 I/ReactNativeJS(27040): [RP_SYNC] ui Verificando disponibilidade da API: http://192.168.15.35:9000
04-25 14:43:20.687 I/ReactNativeJS(27040): [RP_SYNC] ui Iniciando sincronização completa...
04-25 14:43:20.692 I/ReactNativeJS(27040): [RP_SYNC] syncAll inicio tasks=catalogo,mesas,formas,configuracoes,usuarios
04-25 14:43:20.692 I/ReactNativeJS(27040): [RP_SYNC] etapa catalogo inicio
04-25 14:43:20.692 I/ReactNativeJS(27040): [RP_SYNC] ui Sincronizando etapa: catalogo
04-25 14:43:26.123 I/ReactNativeJS(27040): [RP_SYNC] produtos remoto count=215 exibirImagem=false preserveCachedImages=false em 2436ms
04-25 14:43:36.909 I/ReactNativeJS(27040): [RP_SYNC] cache produtos sem alteracao count=215 em 9419ms
04-25 14:43:36.909 I/ReactNativeJS(27040): [RP_SYNC] produtos prontos count=215 compact=false em 13222ms
04-25 14:43:36.909 I/ReactNativeJS(27040): [RP_SYNC] ui ✓ catalogo (16.2s): Catálogo: 19 categorias | 215 produtos | imagens por demanda
04-25 14:43:36.909 I/ReactNativeJS(27040): [RP_SYNC] etapa catalogo ok em 16217ms | Catálogo: 19 categorias | 215 produtos | imagens por demanda
04-25 14:43:36.910 I/ReactNativeJS(27040): [RP_SYNC] etapa mesas inicio
04-25 14:43:36.910 I/ReactNativeJS(27040): [RP_SYNC] ui Sincronizando etapa: mesas
04-25 14:43:36.917 I/ReactNativeJS(27040): [RP_SYNC] etapa formas inicio
04-25 14:43:36.917 I/ReactNativeJS(27040): [RP_SYNC] ui Sincronizando etapa: formas
04-25 14:43:36.923 I/ReactNativeJS(27040): [RP_SYNC] etapa configuracoes inicio
04-25 14:43:36.923 I/ReactNativeJS(27040): [RP_SYNC] ui Sincronizando etapa: configuracoes
04-25 14:43:36.942 I/ReactNativeJS(27040): [RP_SYNC] etapa usuarios inicio
04-25 14:43:36.943 I/ReactNativeJS(27040): [RP_SYNC] ui Sincronizando etapa: usuarios
04-25 14:43:39.452 I/ReactNativeJS(27040): [RP_SYNC] ui ✓ formas (2.5s): 2 formas de pagamento atualizadas
04-25 14:43:39.452 I/ReactNativeJS(27040): [RP_SYNC] etapa formas ok em 2534ms | 2 formas de pagamento atualizadas
04-25 14:43:39.470 I/ReactNativeJS(27040): [RP_SYNC] ui ✓ configuracoes (2.5s): Configurações de mesa/comanda carregadas
04-25 14:43:39.471 I/ReactNativeJS(27040): [RP_SYNC] etapa configuracoes ok em 2547ms | Configurações de mesa/comanda carregadas
04-25 14:43:39.478 I/ReactNativeJS(27040): [RP_SYNC] ui ✓ usuarios (2.5s): 5 usuários carregados
04-25 14:43:39.478 I/ReactNativeJS(27040): [RP_SYNC] etapa usuarios ok em 2535ms | 5 usuários carregados
04-25 14:43:41.898 I/ReactNativeJS(27040): [RP_SYNC] ui ✓ mesas (5.0s): 200 mesas atualizadas
04-25 14:43:41.898 I/ReactNativeJS(27040): [RP_SYNC] etapa mesas ok em 4987ms | 200 mesas atualizadas
04-25 14:43:41.899 I/ReactNativeJS(27040): [RP_SYNC] syncAll fim status=ok em 21207ms
04-25 14:43:41.900 I/ReactNativeJS(27040): [RP_SYNC] menu refresh inicio preferCache=true forceRemote=false
04-25 14:43:41.901 I/ReactNativeJS(27040): [RP_SYNC] ui Atualização Permissões do usuário em 1ms
04-25 14:43:41.904 I/ReactNativeJS(27040): [RP_SYNC] menu refresh fim categorias=19 produtos=215 em 4ms
04-25 14:43:41.904 I/ReactNativeJS(27040): [RP_SYNC] ui Atualização Cardápio em 4ms
04-25 14:43:41.905 I/ReactNativeJS(27040): [RP_SYNC] ui Sincronização concluída em 2026-04-25T17:43:20.688Z | status: ok
04-25 14:43:43.786 W/ReactNativeJS(27040): [RP_SYNC] ui Atualização Painel em segundo plano falhou: Sincronização interrompida
04-25 14:43:44.889 I/ReactNativeJS(27040): [RP_SYNC] menu prewarm inicio origem=inicial-focus cats=19 produtos=215
04-25 14:43:44.889 I/ReactNativeJS(27040): [RP_SYNC] menu refresh inicio preferCache=true forceRemote=false
04-25 14:43:44.904 I/ReactNativeJS(27040): [RP_SYNC] menu refresh fim categorias=19 produtos=215 em 15ms
04-25 14:43:44.904 I/ReactNativeJS(27040): [RP_SYNC] menu prewarm fim origem=inicial-focus em 15ms
