--------- beginning of main
--------- beginning of system
04-26 06:30:03.086 I/ReactNativeJS(10615): [RP_SYNC] syncAll inicio tasks=catalogo,mesas,formas,configuracoes,usuarios
04-26 06:30:03.086 I/ReactNativeJS(10615): [RP_SYNC] etapa catalogo inicio
04-26 06:30:03.088 I/ReactNativeJS(10615): [RP_SYNC] etapa mesas inicio
04-26 06:30:03.096 I/ReactNativeJS(10615): [RP_SYNC] etapa formas inicio
04-26 06:30:03.103 I/ReactNativeJS(10615): [RP_SYNC] etapa configuracoes inicio
04-26 06:30:03.927 I/ReactNativeJS(10615): [RP_SYNC] etapa formas ok em 832ms | 2 formas de pagamento atualizadas
04-26 06:30:03.927 I/ReactNativeJS(10615): [RP_SYNC] etapa usuarios inicio
04-26 06:30:04.276 I/ReactNativeJS(10615): [RP_SYNC] produtos remoto count=215 exibirImagem=false preserveCachedImages=false em 322ms
04-26 06:30:04.758 I/ReactNativeJS(10615): [RP_SYNC] etapa configuracoes ok em 1655ms | Configurações de mesa/comanda carregadas
04-26 06:30:04.766 I/ReactNativeJS(10615): [RP_SYNC] etapa mesas ok em 1678ms | 200 mesas atualizadas
04-26 06:30:04.826 I/ReactNativeJS(10615): [RP_SYNC] etapa usuarios ok em 899ms | 5 usuários carregados
04-26 06:30:04.830 I/ReactNativeJS(10615): [RP_SYNC] menu prewarm adiado origem=inicial-focus: syncAll em andamento
04-26 06:30:05.634 I/ReactNativeJS(10615): [RP_SYNC] categorias remoto count=19 em 800ms
04-26 06:30:07.208 I/ReactNativeJS(10615): [RP_SYNC] menu prewarm adiado origem=inicial-focus: syncAll em andamento
04-26 06:30:07.980 I/ReactNativeJS(10615): [RP_SYNC] produtos prontos inalterado count=215 em 4026ms
04-26 06:30:07.981 I/ReactNativeJS(10615): [RP_SYNC] etapa catalogo ok em 4895ms | Catálogo: 19 categorias | 215 produtos | imagens por demanda
04-26 06:30:07.981 I/ReactNativeJS(10615): [RP_SYNC] syncAll fim status=ok em 4895ms
04-26 06:30:08.857 I/ReactNativeJS(10615): [RP_SYNC] menu prewarm inicio origem=inicial-focus cats=0 produtos=0
04-26 06:30:08.858 I/ReactNativeJS(10615): [RP_SYNC] menu refresh inicio preferCache=true forceRemote=false
04-26 06:30:10.451 I/ReactNativeJS(10615): [RP_SYNC] menu tela carga inicial cache cats=19 produtos=0
04-26 06:30:11.325 I/ReactNativeJS(10615): [RP_SYNC] cache produtos sqlite compacto count=215 em 2313ms
04-26 06:30:11.326 I/ReactNativeJS(10615): [RP_SYNC] menu refresh fim categorias=19 produtos=215 em 2467ms
04-26 06:30:11.326 I/ReactNativeJS(10615): [RP_SYNC] menu tela cache pronto em 875ms
04-26 06:30:11.326 I/ReactNativeJS(10615): [RP_SYNC] menu prewarm fim origem=inicial-focus em 2469ms
04-26 06:30:11.781 I/ReactNativeJS(10615): [RP_SYNC] menu refresh inicio preferCache=true forceRemote=false
04-26 06:30:11.783 I/ReactNativeJS(10615): [RP_SYNC] menu refresh fim categorias=19 produtos=215 em 2ms
04-26 06:30:30.179 I/ReactNativeJS(10615): [RP_SYNC] fluxo pendencias inicio mesa=7 tipo=mesa venda=44662 itens=1
04-26 06:30:30.179 I/ReactNativeJS(10615): [RP_SYNC] fluxo pendencias enviando idVenda=44662 linhas=1 quantidade=1.000
04-26 06:30:30.274 I/ReactNativeJS(10615): [RP_SYNC] menu prewarm inicio origem=inicial-focus cats=19 produtos=215
04-26 06:30:30.274 I/ReactNativeJS(10615): [RP_SYNC] menu refresh inicio preferCache=true forceRemote=false
04-26 06:30:30.293 I/ReactNativeJS(10615): [RP_SYNC] menu refresh fim categorias=19 produtos=215 em 19ms
04-26 06:30:30.293 I/ReactNativeJS(10615): [RP_SYNC] menu prewarm fim origem=inicial-focus em 19ms
04-26 06:30:31.189 I/ReactNativeJS(10615): [RP_SYNC] fluxo pendencias itens enviados idVenda=44662
04-26 06:30:33.580 I/ReactNativeJS(10615): [RP_SYNC] fluxo pendencias fim ok idVenda=44662 em 3401ms
04-26 06:30:40.929 I/ReactNativeJS(10615): [RP_SYNC] fluxo fechamento carregar inicio idVenda=44655 modo=pre
04-26 06:30:40.938 I/ReactNativeJS(10615): [RP_SYNC] fluxo fechamento carregar reutilizando idVenda=44655 modo=pre
04-26 06:30:43.072 I/ReactNativeJS(10615): [RP_SYNC] fluxo fechamento carregar fim idVenda=44655 modo=pre itens=6 pagamentos=0 em 2143ms
04-26 06:31:02.535 W/System.err(10780): java.lang.IllegalArgumentException: Unknown URL content://com.sunmi.dataService/data_service
04-26 06:31:02.556 W/System.err(10780): 	at android.content.ContentResolver.bulkInsert(ContentResolver.java:1395)
04-26 06:31:02.557 W/System.err(10780): 	at d.f.c.a.a.a(TbsSdkJava:17)
04-26 06:31:02.557 W/System.err(10780): 	at d.f.b.f.o.handleMessage(TbsSdkJava:9)
04-26 06:31:02.559 W/System.err(10780): 	at android.os.Handler.dispatchMessage(Handler.java:106)
04-26 06:31:02.577 W/System.err(10780): 	at android.os.Looper.loop(Looper.java:203)
04-26 06:31:02.577 W/System.err(10780): 	at android.os.HandlerThread.run(HandlerThread.java:61)
04-26 06:31:02.594 W/System.err(10780): java.lang.IllegalArgumentException: Unknown URL content://com.sunmi.dataService/data_service
04-26 06:31:02.594 W/System.err(10780): 	at android.content.ContentResolver.bulkInsert(ContentResolver.java:1395)
04-26 06:31:02.594 W/System.err(10780): 	at d.f.c.a.a.a(TbsSdkJava:17)
04-26 06:31:02.594 W/System.err(10780): 	at d.f.b.f.o.handleMessage(TbsSdkJava:9)
04-26 06:31:02.594 W/System.err(10780): 	at android.os.Handler.dispatchMessage(Handler.java:106)
04-26 06:31:02.594 W/System.err(10780): 	at android.os.Looper.loop(Looper.java:203)
04-26 06:31:02.594 W/System.err(10780): 	at android.os.HandlerThread.run(HandlerThread.java:61)
04-26 06:31:09.740 I/ReactNativeJS(10615): [RP_SYNC] fluxo fechamento salvar inicio idVenda=44655 modo=pre total=369.60 desconto=0.00 parcial=0.00
04-26 06:31:09.740 I/ReactNativeJS(10615): [RP_SYNC] fluxo fechamento pre enviar idVenda=44655 pessoas=1 masc=0 fem=0 taxa=33.60 imprimir=true
04-26 06:31:10.810 I/ReactNativeJS(10615): [RP_SYNC] fluxo fechamento pre api ok idVenda=44655 em 1070ms
04-26 06:31:14.462 I/ReactNativeJS(10615): [RP_SYNC] fluxo fechamento carregar inicio idVenda=44655 modo=pre
04-26 06:31:14.476 I/ReactNativeJS(10615): [RP_SYNC] fluxo fechamento pre fim ok idVenda=44655 em 4736ms
04-26 06:31:17.108 I/ReactNativeJS(10615): [RP_SYNC] menu prewarm inicio origem=inicial-focus cats=19 produtos=215
04-26 06:31:17.108 I/ReactNativeJS(10615): [RP_SYNC] menu refresh inicio preferCache=true forceRemote=false
04-26 06:31:17.123 I/ReactNativeJS(10615): [RP_SYNC] menu refresh fim categorias=19 produtos=215 em 15ms
04-26 06:31:17.123 I/ReactNativeJS(10615): [RP_SYNC] menu prewarm fim origem=inicial-focus em 15ms
04-26 06:31:17.150 I/ReactNativeJS(10615): [RP_SYNC] fluxo fechamento carregar fim idVenda=44655 modo=pre itens=6 pagamentos=0 em 2688ms
04-26 06:31:26.764 I/ReactNativeJS(10615): [RP_SYNC] fluxo fechamento carregar inicio idVenda=44655 modo=final
04-26 06:31:26.777 I/ReactNativeJS(10615): [RP_SYNC] fluxo fechamento carregar reutilizando idVenda=44655 modo=final
04-26 06:31:28.853 I/ReactNativeJS(10615): [RP_SYNC] fluxo fechamento carregar fim idVenda=44655 modo=final itens=6 pagamentos=0 em 2089ms
04-26 06:31:37.723 I/ReactNativeJS(10615): [RP_SYNC] fluxo fechamento pagamento selecionar inicio idVenda=44655 linha=0 forma=4 valor=369.60 provider=stone
04-26 06:31:39.214 W/System.err(10875): java.io.FileNotFoundException: /jacoco.exec (Read-only file system)
04-26 06:31:39.218 W/System.err(10875): 	at java.io.FileOutputStream.open(Native Method)
04-26 06:31:39.218 W/System.err(10875): 	at java.io.FileOutputStream.<init>(FileOutputStream.java:221)
04-26 06:31:39.219 W/System.err(10875): 	at org.jacoco.agent.rt.internal_8ff85ea.output.FileOutput.openFile(FileOutput.java:67)
04-26 06:31:39.219 W/System.err(10875): 	at org.jacoco.agent.rt.internal_8ff85ea.output.FileOutput.startup(FileOutput.java:49)
04-26 06:31:39.219 W/System.err(10875): 	at org.jacoco.agent.rt.internal_8ff85ea.Agent.startup(Agent.java:122)
04-26 06:31:39.219 W/System.err(10875): 	at org.jacoco.agent.rt.internal_8ff85ea.Agent.getInstance(Agent.java:50)
04-26 06:31:39.219 W/System.err(10875): 	at org.jacoco.agent.rt.internal_8ff85ea.Offline.<clinit>(Offline.java:31)
04-26 06:31:39.219 W/System.err(10875): 	at br.com.stone.posandroid.datacontainer.data.contentprovider.DataContainerProvider.$jacocoInit(DataContainerProvider.kt)
04-26 06:31:39.219 W/System.err(10875): 	at br.com.stone.posandroid.datacontainer.data.contentprovider.DataContainerProvider.<init>(DataContainerProvider.kt)
04-26 06:31:39.219 W/System.err(10875): 	at java.lang.Class.newInstance(Native Method)
04-26 06:31:39.219 W/System.err(10875): 	at android.app.ActivityThread.installProvider(ActivityThread.java:6048)
04-26 06:31:39.219 W/System.err(10875): 	at android.app.ActivityThread.installContentProviders(ActivityThread.java:5632)
04-26 06:31:39.219 W/System.err(10875): 	at android.app.ActivityThread.handleBindApplication(ActivityThread.java:5571)
04-26 06:31:39.219 W/System.err(10875): 	at android.app.ActivityThread.-wrap2(ActivityThread.java)
04-26 06:31:39.219 W/System.err(10875): 	at android.app.ActivityThread$H.handleMessage(ActivityThread.java:1629)
04-26 06:31:39.219 W/System.err(10875): 	at android.os.Handler.dispatchMessage(Handler.java:110)
04-26 06:31:39.219 W/System.err(10875): 	at android.os.Looper.loop(Looper.java:203)
04-26 06:31:39.219 W/System.err(10875): 	at android.app.ActivityThread.main(ActivityThread.java:6337)
04-26 06:31:39.219 W/System.err(10875): 	at java.lang.reflect.Method.invoke(Native Method)
04-26 06:31:39.219 W/System.err(10875): 	at com.android.internal.os.ZygoteInit$MethodAndArgsCaller.run(ZygoteInit.java:1084)
04-26 06:31:39.219 W/System.err(10875): 	at com.android.internal.os.ZygoteInit.main(ZygoteInit.java:945)
04-26 06:31:41.291 W/System.err( 1152): java.lang.InterruptedException
04-26 06:31:41.293 W/System.err( 1152): 	at java.lang.Thread.sleep(Native Method)
04-26 06:31:41.293 W/System.err( 1152): 	at java.lang.Thread.sleep(Thread.java:371)
04-26 06:31:41.293 W/System.err( 1152): 	at java.lang.Thread.sleep(Thread.java:313)
04-26 06:31:41.293 W/System.err( 1152): 	at com.sunmi.pay.hardware.e.f.d$b.run()
04-26 06:31:41.293 W/System.err( 1152): 	at java.util.concurrent.ThreadPoolExecutor.runWorker(ThreadPoolExecutor.java:1133)
04-26 06:31:41.294 W/System.err( 1152): 	at java.util.concurrent.ThreadPoolExecutor$Worker.run(ThreadPoolExecutor.java:607)
04-26 06:31:41.294 W/System.err( 1152): 	at java.lang.Thread.run(Thread.java:761)
04-26 06:31:44.214 W/System.err( 1152): java.lang.InterruptedException
04-26 06:31:44.215 W/System.err( 1152): 	at java.lang.Thread.sleep(Native Method)
04-26 06:31:44.215 W/System.err( 1152): 	at java.lang.Thread.sleep(Thread.java:371)
04-26 06:31:44.216 W/System.err( 1152): 	at java.lang.Thread.sleep(Thread.java:313)
04-26 06:31:44.216 W/System.err( 1152): 	at com.sunmi.pay.hardware.e.f.d$b.run()
04-26 06:31:44.216 W/System.err( 1152): 	at java.util.concurrent.ThreadPoolExecutor.runWorker(ThreadPoolExecutor.java:1133)
04-26 06:31:44.216 W/System.err( 1152): 	at java.util.concurrent.ThreadPoolExecutor$Worker.run(ThreadPoolExecutor.java:607)
04-26 06:31:44.216 W/System.err( 1152): 	at java.lang.Thread.run(Thread.java:761)
04-26 06:31:51.299 W/System.err( 1152): java.lang.InterruptedException
04-26 06:31:51.300 W/System.err( 1152): 	at java.lang.Thread.sleep(Native Method)
04-26 06:31:51.300 W/System.err( 1152): 	at java.lang.Thread.sleep(Thread.java:371)
04-26 06:31:51.300 W/System.err( 1152): 	at java.lang.Thread.sleep(Thread.java:313)
04-26 06:31:51.300 W/System.err( 1152): 	at com.sunmi.pay.hardware.e.f.d$b.run()
04-26 06:31:51.300 W/System.err( 1152): 	at java.util.concurrent.ThreadPoolExecutor.runWorker(ThreadPoolExecutor.java:1133)
04-26 06:31:51.300 W/System.err( 1152): 	at java.util.concurrent.ThreadPoolExecutor$Worker.run(ThreadPoolExecutor.java:607)
04-26 06:31:51.300 W/System.err( 1152): 	at java.lang.Thread.run(Thread.java:761)
04-26 06:31:58.454 W/System.err( 1152): java.lang.InterruptedException
04-26 06:31:58.454 W/System.err( 1152): 	at java.lang.Thread.sleep(Native Method)
04-26 06:31:58.454 W/System.err( 1152): 	at java.lang.Thread.sleep(Thread.java:371)
04-26 06:31:58.455 W/System.err( 1152): 	at java.lang.Thread.sleep(Thread.java:313)
04-26 06:31:58.455 W/System.err( 1152): 	at com.sunmi.pay.hardware.e.f.d$b.run()
04-26 06:31:58.455 W/System.err( 1152): 	at java.util.concurrent.ThreadPoolExecutor.runWorker(ThreadPoolExecutor.java:1133)
04-26 06:31:58.455 W/System.err( 1152): 	at java.util.concurrent.ThreadPoolExecutor$Worker.run(ThreadPoolExecutor.java:607)
04-26 06:31:58.455 W/System.err( 1152): 	at java.lang.Thread.run(Thread.java:761)
04-26 06:32:06.085 W/System.err( 1152): java.lang.InterruptedException
04-26 06:32:06.086 W/System.err( 1152): 	at java.lang.Thread.sleep(Native Method)
04-26 06:32:06.086 W/System.err( 1152): 	at java.lang.Thread.sleep(Thread.java:371)
04-26 06:32:06.086 W/System.err( 1152): 	at java.lang.Thread.sleep(Thread.java:313)
04-26 06:32:06.086 W/System.err( 1152): 	at com.sunmi.pay.hardware.e.f.d$b.run()
04-26 06:32:06.086 W/System.err( 1152): 	at java.util.concurrent.ThreadPoolExecutor.runWorker(ThreadPoolExecutor.java:1133)
04-26 06:32:06.086 W/System.err( 1152): 	at java.util.concurrent.ThreadPoolExecutor$Worker.run(ThreadPoolExecutor.java:607)
04-26 06:32:06.086 W/System.err( 1152): 	at java.lang.Thread.run(Thread.java:761)
04-26 06:32:06.225 W/System.err( 1152): java.lang.InterruptedException
04-26 06:32:06.225 W/System.err( 1152): 	at java.lang.Thread.sleep(Native Method)
04-26 06:32:06.226 W/System.err( 1152): 	at java.lang.Thread.sleep(Thread.java:371)
04-26 06:32:06.226 W/System.err( 1152): 	at java.lang.Thread.sleep(Thread.java:313)
04-26 06:32:06.226 W/System.err( 1152): 	at com.sunmi.pay.hardware.e.f.d$b.run()
04-26 06:32:06.226 W/System.err( 1152): 	at java.util.concurrent.ThreadPoolExecutor.runWorker(ThreadPoolExecutor.java:1133)
04-26 06:32:06.226 W/System.err( 1152): 	at java.util.concurrent.ThreadPoolExecutor$Worker.run(ThreadPoolExecutor.java:607)
04-26 06:32:06.226 W/System.err( 1152): 	at java.lang.Thread.run(Thread.java:761)
04-26 06:32:15.116 W/System.err( 1152): java.lang.InterruptedException
04-26 06:32:15.117 W/System.err( 1152): 	at java.lang.Thread.sleep(Native Method)
04-26 06:32:15.117 W/System.err( 1152): 	at java.lang.Thread.sleep(Thread.java:371)
04-26 06:32:15.117 W/System.err( 1152): 	at java.lang.Thread.sleep(Thread.java:313)
04-26 06:32:15.117 W/System.err( 1152): 	at com.sunmi.pay.hardware.e.f.d$b.run()
04-26 06:32:15.117 W/System.err( 1152): 	at java.util.concurrent.ThreadPoolExecutor.runWorker(ThreadPoolExecutor.java:1133)
04-26 06:32:15.117 W/System.err( 1152): 	at java.util.concurrent.ThreadPoolExecutor$Worker.run(ThreadPoolExecutor.java:607)
04-26 06:32:15.117 W/System.err( 1152): 	at java.lang.Thread.run(Thread.java:761)
04-26 06:32:15.849 W/System.err( 1152): java.lang.InterruptedException
04-26 06:32:15.849 W/System.err( 1152): 	at java.lang.Thread.sleep(Native Method)
04-26 06:32:15.850 W/System.err( 1152): 	at java.lang.Thread.sleep(Thread.java:371)
04-26 06:32:15.850 W/System.err( 1152): 	at java.lang.Thread.sleep(Thread.java:313)
04-26 06:32:15.850 W/System.err( 1152): 	at com.sunmi.pay.hardware.e.f.d$b.run()
04-26 06:32:15.850 W/System.err( 1152): 	at java.util.concurrent.ThreadPoolExecutor.runWorker(ThreadPoolExecutor.java:1133)
04-26 06:32:15.850 W/System.err( 1152): 	at java.util.concurrent.ThreadPoolExecutor$Worker.run(ThreadPoolExecutor.java:607)
04-26 06:32:15.850 W/System.err( 1152): 	at java.lang.Thread.run(Thread.java:761)
04-26 06:32:16.975 W/System.err( 1152): java.lang.InterruptedException
04-26 06:32:16.976 W/System.err( 1152): 	at java.lang.Thread.sleep(Native Method)
04-26 06:32:16.976 W/System.err( 1152): 	at java.lang.Thread.sleep(Thread.java:371)
04-26 06:32:16.976 W/System.err( 1152): 	at java.lang.Thread.sleep(Thread.java:313)
04-26 06:32:16.976 W/System.err( 1152): 	at com.sunmi.pay.hardware.e.f.d$b.run()
04-26 06:32:16.976 W/System.err( 1152): 	at java.util.concurrent.ThreadPoolExecutor.runWorker(ThreadPoolExecutor.java:1133)
04-26 06:32:16.976 W/System.err( 1152): 	at java.util.concurrent.ThreadPoolExecutor$Worker.run(ThreadPoolExecutor.java:607)
04-26 06:32:16.976 W/System.err( 1152): 	at java.lang.Thread.run(Thread.java:761)
04-26 06:32:29.055 W/System.err( 1152): java.lang.InterruptedException
04-26 06:32:29.056 W/System.err( 1152): 	at java.lang.Thread.sleep(Native Method)
04-26 06:32:29.056 W/System.err( 1152): 	at java.lang.Thread.sleep(Thread.java:371)
04-26 06:32:29.056 W/System.err( 1152): 	at java.lang.Thread.sleep(Thread.java:313)
04-26 06:32:29.056 W/System.err( 1152): 	at com.sunmi.pay.hardware.e.f.d$b.run()
04-26 06:32:29.056 W/System.err( 1152): 	at java.util.concurrent.ThreadPoolExecutor.runWorker(ThreadPoolExecutor.java:1133)
04-26 06:32:29.056 W/System.err( 1152): 	at java.util.concurrent.ThreadPoolExecutor$Worker.run(ThreadPoolExecutor.java:607)
04-26 06:32:29.056 W/System.err( 1152): 	at java.lang.Thread.run(Thread.java:761)
04-26 06:32:34.294 W/System.err( 1152): java.lang.InterruptedException
04-26 06:32:34.294 W/System.err( 1152): 	at java.lang.Thread.sleep(Native Method)
04-26 06:32:34.295 W/System.err( 1152): 	at java.lang.Thread.sleep(Thread.java:371)
04-26 06:32:34.295 W/System.err( 1152): 	at java.lang.Thread.sleep(Thread.java:313)
04-26 06:32:34.295 W/System.err( 1152): 	at com.sunmi.pay.hardware.e.f.d$b.run()
04-26 06:32:34.295 W/System.err( 1152): 	at java.util.concurrent.ThreadPoolExecutor.runWorker(ThreadPoolExecutor.java:1133)
04-26 06:32:34.295 W/System.err( 1152): 	at java.util.concurrent.ThreadPoolExecutor$Worker.run(ThreadPoolExecutor.java:607)
04-26 06:32:34.296 W/System.err( 1152): 	at java.lang.Thread.run(Thread.java:761)
04-26 06:32:41.211 W/System.err( 1152): java.lang.InterruptedException
04-26 06:32:41.212 W/System.err( 1152): 	at java.lang.Thread.sleep(Native Method)
04-26 06:32:41.212 W/System.err( 1152): 	at java.lang.Thread.sleep(Thread.java:371)
04-26 06:32:41.212 W/System.err( 1152): 	at java.lang.Thread.sleep(Thread.java:313)
04-26 06:32:41.212 W/System.err( 1152): 	at com.sunmi.pay.hardware.e.f.d$b.run()
04-26 06:32:41.212 W/System.err( 1152): 	at java.util.concurrent.ThreadPoolExecutor.runWorker(ThreadPoolExecutor.java:1133)
04-26 06:32:41.212 W/System.err( 1152): 	at java.util.concurrent.ThreadPoolExecutor$Worker.run(ThreadPoolExecutor.java:607)
04-26 06:32:41.212 W/System.err( 1152): 	at java.lang.Thread.run(Thread.java:761)
04-26 06:32:42.944 W/ReactNativeJS(10615): [RP_SYNC] fluxo fechamento pagamento selecionar erro idVenda=44655 linha=0 provider=stone: Erro de Processamento
04-26 06:32:59.911 I/ReactNativeJS(10615): [RP_SYNC] menu prewarm inicio origem=inicial-focus cats=19 produtos=215
04-26 06:32:59.911 I/ReactNativeJS(10615): [RP_SYNC] menu refresh inicio preferCache=true forceRemote=false
04-26 06:32:59.934 I/ReactNativeJS(10615): [RP_SYNC] menu refresh fim categorias=19 produtos=215 em 23ms
04-26 06:32:59.934 I/ReactNativeJS(10615): [RP_SYNC] menu prewarm fim origem=inicial-focus em 23ms
04-26 06:33:05.729 I/ReactNativeJS(10615): [RP_SYNC] fluxo fechamento carregar inicio idVenda=44659 modo=final
04-26 06:33:05.766 I/ReactNativeJS(10615): [RP_SYNC] fluxo fechamento carregar reutilizando idVenda=44659 modo=final
04-26 06:33:06.967 I/ReactNativeJS(10615): [RP_SYNC] fluxo fechamento carregar fim idVenda=44659 modo=final itens=1 pagamentos=0 em 1238ms
04-26 06:33:14.350 I/ReactNativeJS(10615): [RP_SYNC] fluxo fechamento pagamento selecionar inicio idVenda=44659 linha=0 forma=4 valor=3.30 provider=stone
04-26 06:33:17.089 W/System.err( 1152): java.lang.InterruptedException
04-26 06:33:17.090 W/System.err( 1152): 	at java.lang.Thread.sleep(Native Method)
04-26 06:33:17.090 W/System.err( 1152): 	at java.lang.Thread.sleep(Thread.java:371)
04-26 06:33:17.090 W/System.err( 1152): 	at java.lang.Thread.sleep(Thread.java:313)
04-26 06:33:17.090 W/System.err( 1152): 	at com.sunmi.pay.hardware.e.f.d$b.run()
04-26 06:33:17.090 W/System.err( 1152): 	at java.util.concurrent.ThreadPoolExecutor.runWorker(ThreadPoolExecutor.java:1133)
04-26 06:33:17.090 W/System.err( 1152): 	at java.util.concurrent.ThreadPoolExecutor$Worker.run(ThreadPoolExecutor.java:607)
04-26 06:33:17.090 W/System.err( 1152): 	at java.lang.Thread.run(Thread.java:761)
04-26 06:33:17.615 W/System.err( 1152): java.lang.InterruptedException
04-26 06:33:17.615 W/System.err( 1152): 	at java.lang.Thread.sleep(Native Method)
04-26 06:33:17.615 W/System.err( 1152): 	at java.lang.Thread.sleep(Thread.java:371)
04-26 06:33:17.615 W/System.err( 1152): 	at java.lang.Thread.sleep(Thread.java:313)
04-26 06:33:17.616 W/System.err( 1152): 	at com.sunmi.pay.hardware.e.f.d$b.run()
04-26 06:33:17.616 W/System.err( 1152): 	at java.util.concurrent.ThreadPoolExecutor.runWorker(ThreadPoolExecutor.java:1133)
04-26 06:33:17.617 W/System.err( 1152): 	at java.util.concurrent.ThreadPoolExecutor$Worker.run(ThreadPoolExecutor.java:607)
04-26 06:33:17.617 W/System.err( 1152): 	at java.lang.Thread.run(Thread.java:761)
04-26 06:33:19.546 W/System.err( 1152): java.lang.InterruptedException
04-26 06:33:19.559 W/System.err( 1152): 	at java.lang.Thread.sleep(Native Method)
04-26 06:33:19.560 W/System.err( 1152): 	at java.lang.Thread.sleep(Thread.java:371)
04-26 06:33:19.560 W/System.err( 1152): 	at java.lang.Thread.sleep(Thread.java:313)
04-26 06:33:19.560 W/System.err( 1152): 	at com.sunmi.pay.hardware.e.f.d$b.run()
04-26 06:33:19.560 W/System.err( 1152): 	at java.util.concurrent.ThreadPoolExecutor.runWorker(ThreadPoolExecutor.java:1133)
04-26 06:33:19.560 W/System.err( 1152): 	at java.util.concurrent.ThreadPoolExecutor$Worker.run(ThreadPoolExecutor.java:607)
04-26 06:33:19.560 W/System.err( 1152): 	at java.lang.Thread.run(Thread.java:761)
04-26 06:33:36.648 I/ReactNativeJS(10615): [RP_SYNC] fluxo fechamento pagamento selecionar ok idVenda=44659 linha=0 forma=4 provider=stone em 22293ms
04-26 06:33:41.055 I/ReactNativeJS(10615): [RP_SYNC] fluxo fechamento salvar inicio idVenda=44659 modo=final total=3.30 desconto=0.00 parcial=0.00
04-26 06:33:41.057 I/ReactNativeJS(10615): [RP_SYNC] fluxo fechamento pagamento ja processado idVenda=44659 forma=4 valor=3.30 provider=stone
04-26 06:33:41.057 I/ReactNativeJS(10615): [RP_SYNC] fluxo fechamento final enviar idVenda=44659 pagamentos=1 totalPago=3.30 liquido=3.30 troco=0.00 taxa=0.30
04-26 06:33:41.723 I/ReactNativeJS(10615): [RP_SYNC] fluxo fechamento final api ok idVenda=44659 em 668ms
04-26 06:33:44.586 I/ReactNativeJS(10615): [RP_SYNC] fluxo fechamento final fim ok idVenda=44659 em 3531ms
04-26 06:33:46.511 I/ReactNativeJS(10615): [RP_SYNC] menu prewarm inicio origem=inicial-focus cats=19 produtos=215
04-26 06:33:46.512 I/ReactNativeJS(10615): [RP_SYNC] menu refresh inicio preferCache=true forceRemote=false
04-26 06:33:46.527 I/ReactNativeJS(10615): [RP_SYNC] menu refresh fim categorias=19 produtos=215 em 15ms
04-26 06:33:46.528 I/ReactNativeJS(10615): [RP_SYNC] menu prewarm fim origem=inicial-focus em 17ms
