--------- beginning of main
--------- beginning of system
04-26 06:04:37.576 I/ReactNativeJS( 2552): [RP_SYNC] menu prewarm inicio origem=inicial-focus cats=19 produtos=215
04-26 06:04:37.576 I/ReactNativeJS( 2552): [RP_SYNC] menu refresh inicio preferCache=true forceRemote=false
04-26 06:04:37.602 I/ReactNativeJS( 2552): [RP_SYNC] menu refresh fim categorias=19 produtos=215 em 26ms
04-26 06:04:37.602 I/ReactNativeJS( 2552): [RP_SYNC] menu prewarm fim origem=inicial-focus em 26ms
04-26 06:05:21.670 I/ReactNativeJS( 2552): [RP_SYNC] menu prewarm inicio origem=inicial-focus cats=19 produtos=215
04-26 06:05:21.670 I/ReactNativeJS( 2552): [RP_SYNC] menu refresh inicio preferCache=true forceRemote=false
04-26 06:05:21.685 I/ReactNativeJS( 2552): [RP_SYNC] menu refresh fim categorias=19 produtos=215 em 15ms
04-26 06:05:21.686 I/ReactNativeJS( 2552): [RP_SYNC] menu prewarm fim origem=inicial-focus em 15ms
04-26 06:06:20.444 W/System.err( 1152): java.lang.InterruptedException
04-26 06:06:20.445 W/System.err( 1152): 	at java.lang.Thread.sleep(Native Method)
04-26 06:06:20.445 W/System.err( 1152): 	at java.lang.Thread.sleep(Thread.java:371)
04-26 06:06:20.445 W/System.err( 1152): 	at java.lang.Thread.sleep(Thread.java:313)
04-26 06:06:20.445 W/System.err( 1152): 	at com.sunmi.pay.hardware.e.f.d$b.run()
04-26 06:06:20.445 W/System.err( 1152): 	at java.util.concurrent.ThreadPoolExecutor.runWorker(ThreadPoolExecutor.java:1133)
04-26 06:06:20.445 W/System.err( 1152): 	at java.util.concurrent.ThreadPoolExecutor$Worker.run(ThreadPoolExecutor.java:607)
04-26 06:06:20.445 W/System.err( 1152): 	at java.lang.Thread.run(Thread.java:761)
04-26 06:06:20.971 W/System.err( 1152): java.lang.InterruptedException
04-26 06:06:20.972 W/System.err( 1152): 	at java.lang.Thread.sleep(Native Method)
04-26 06:06:20.972 W/System.err( 1152): 	at java.lang.Thread.sleep(Thread.java:371)
04-26 06:06:20.972 W/System.err( 1152): 	at java.lang.Thread.sleep(Thread.java:313)
04-26 06:06:20.972 W/System.err( 1152): 	at com.sunmi.pay.hardware.e.f.d$b.run()
04-26 06:06:20.972 W/System.err( 1152): 	at java.util.concurrent.ThreadPoolExecutor.runWorker(ThreadPoolExecutor.java:1133)
04-26 06:06:20.973 W/System.err( 1152): 	at java.util.concurrent.ThreadPoolExecutor$Worker.run(ThreadPoolExecutor.java:607)
04-26 06:06:20.973 W/System.err( 1152): 	at java.lang.Thread.run(Thread.java:761)
04-26 06:06:23.485 W/System.err( 1152): java.lang.InterruptedException
04-26 06:06:23.486 W/System.err( 1152): 	at java.lang.Thread.sleep(Native Method)
04-26 06:06:23.486 W/System.err( 1152): 	at java.lang.Thread.sleep(Thread.java:371)
04-26 06:06:23.486 W/System.err( 1152): 	at java.lang.Thread.sleep(Thread.java:313)
04-26 06:06:23.486 W/System.err( 1152): 	at com.sunmi.pay.hardware.e.f.d$b.run()
04-26 06:06:23.486 W/System.err( 1152): 	at java.util.concurrent.ThreadPoolExecutor.runWorker(ThreadPoolExecutor.java:1133)
04-26 06:06:23.486 W/System.err( 1152): 	at java.util.concurrent.ThreadPoolExecutor$Worker.run(ThreadPoolExecutor.java:607)
04-26 06:06:23.486 W/System.err( 1152): 	at java.lang.Thread.run(Thread.java:761)
04-26 06:07:01.697 I/ReactNativeJS( 2552): [RP_SYNC] menu prewarm inicio origem=inicial-focus cats=19 produtos=215
04-26 06:07:01.697 I/ReactNativeJS( 2552): [RP_SYNC] menu refresh inicio preferCache=true forceRemote=false
04-26 06:07:01.717 I/ReactNativeJS( 2552): [RP_SYNC] menu refresh fim categorias=19 produtos=215 em 20ms
04-26 06:07:01.717 I/ReactNativeJS( 2552): [RP_SYNC] menu prewarm fim origem=inicial-focus em 20ms
04-26 06:07:22.217 W/System.err( 1152): java.util.concurrent.TimeoutException
04-26 06:07:22.248 W/System.err( 1152): 	at java.util.concurrent.CyclicBarrier.dowait(CyclicBarrier.java:229)
04-26 06:07:22.251 W/System.err( 1152): 	at java.util.concurrent.CyclicBarrier.await(CyclicBarrier.java:407)
04-26 06:07:22.252 W/System.err( 1152): 	at com.sunmi.pay.hardware.f.a.h.a()
04-26 06:07:22.252 W/System.err( 1152): 	at com.sunmi.pay.hardware.f.a.k.d()
04-26 06:07:22.252 W/System.err( 1152): 	at com.sunmi.pay.hardware.f.a.k.o()
04-26 06:07:22.252 W/System.err( 1152): 	at com.sunmi.pay.hardware.f.a.k.f()
04-26 06:07:22.252 W/System.err( 1152): 	at com.sunmi.pay.hardware.f.a.k.a()
04-26 06:07:22.252 W/System.err( 1152): 	at com.sunmi.pay.hardware.f.a.h.run()
04-26 06:07:22.252 W/System.err( 1152): 	at java.util.concurrent.ThreadPoolExecutor.runWorker(ThreadPoolExecutor.java:1133)
04-26 06:07:22.252 W/System.err( 1152): 	at java.util.concurrent.ThreadPoolExecutor$Worker.run(ThreadPoolExecutor.java:607)
04-26 06:07:22.252 W/System.err( 1152): 	at java.lang.Thread.run(Thread.java:761)
04-26 06:07:39.879 I/ReactNativeJS( 2552): [RP_SYNC] menu prewarm inicio origem=inicial-focus cats=19 produtos=215
04-26 06:07:39.879 I/ReactNativeJS( 2552): [RP_SYNC] menu refresh inicio preferCache=true forceRemote=false
04-26 06:07:39.894 I/ReactNativeJS( 2552): [RP_SYNC] menu refresh fim categorias=19 produtos=215 em 15ms
04-26 06:07:39.895 I/ReactNativeJS( 2552): [RP_SYNC] menu prewarm fim origem=inicial-focus em 16ms
04-26 06:08:10.178 W/System.err( 1152): java.lang.InterruptedException
04-26 06:08:10.179 W/System.err( 1152): 	at java.lang.Thread.sleep(Native Method)
04-26 06:08:10.180 W/System.err( 1152): 	at java.lang.Thread.sleep(Thread.java:371)
04-26 06:08:10.180 W/System.err( 1152): 	at java.lang.Thread.sleep(Thread.java:313)
04-26 06:08:10.180 W/System.err( 1152): 	at com.sunmi.pay.hardware.e.f.d$b.run()
04-26 06:08:10.180 W/System.err( 1152): 	at java.util.concurrent.ThreadPoolExecutor.runWorker(ThreadPoolExecutor.java:1133)
04-26 06:08:10.180 W/System.err( 1152): 	at java.util.concurrent.ThreadPoolExecutor$Worker.run(ThreadPoolExecutor.java:607)
04-26 06:08:10.180 W/System.err( 1152): 	at java.lang.Thread.run(Thread.java:761)
04-26 06:08:12.779 W/System.err( 1152): java.lang.InterruptedException
04-26 06:08:12.780 W/System.err( 1152): 	at java.lang.Thread.sleep(Native Method)
04-26 06:08:12.780 W/System.err( 1152): 	at java.lang.Thread.sleep(Thread.java:371)
04-26 06:08:12.780 W/System.err( 1152): 	at java.lang.Thread.sleep(Thread.java:313)
04-26 06:08:12.780 W/System.err( 1152): 	at com.sunmi.pay.hardware.e.f.d$b.run()
04-26 06:08:12.780 W/System.err( 1152): 	at java.util.concurrent.ThreadPoolExecutor.runWorker(ThreadPoolExecutor.java:1133)
04-26 06:08:12.781 W/System.err( 1152): 	at java.util.concurrent.ThreadPoolExecutor$Worker.run(ThreadPoolExecutor.java:607)
04-26 06:08:12.781 W/System.err( 1152): 	at java.lang.Thread.run(Thread.java:761)
04-26 06:08:15.138 W/System.err( 1152): java.lang.InterruptedException
04-26 06:08:15.139 W/System.err( 1152): 	at java.lang.Thread.sleep(Native Method)
04-26 06:08:15.139 W/System.err( 1152): 	at java.lang.Thread.sleep(Thread.java:371)
04-26 06:08:15.144 W/System.err( 1152): 	at java.lang.Thread.sleep(Thread.java:313)
04-26 06:08:15.144 W/System.err( 1152): 	at com.sunmi.pay.hardware.e.f.d$b.run()
04-26 06:08:15.144 W/System.err( 1152): 	at java.util.concurrent.ThreadPoolExecutor.runWorker(ThreadPoolExecutor.java:1133)
04-26 06:08:15.144 W/System.err( 1152): 	at java.util.concurrent.ThreadPoolExecutor$Worker.run(ThreadPoolExecutor.java:607)
04-26 06:08:15.144 W/System.err( 1152): 	at java.lang.Thread.run(Thread.java:761)
04-26 06:08:39.068 I/ReactNativeJS( 2552): [RP_SYNC] menu prewarm inicio origem=inicial-focus cats=19 produtos=215
04-26 06:08:39.068 I/ReactNativeJS( 2552): [RP_SYNC] menu refresh inicio preferCache=true forceRemote=false
04-26 06:08:39.083 I/ReactNativeJS( 2552): [RP_SYNC] menu refresh fim categorias=19 produtos=215 em 15ms
04-26 06:08:39.083 I/ReactNativeJS( 2552): [RP_SYNC] menu prewarm fim origem=inicial-focus em 15ms
