--------- beginning of main
--------- beginning of system
04-25 15:18:28.266 I/ReactNativeJS(31625): Running "main"
04-25 15:18:42.838 I/ReactNativeJS(31625): [RP_SYNC] syncAll inicio tasks=catalogo,mesas,formas,configuracoes,usuarios
04-25 15:18:42.838 I/ReactNativeJS(31625): [RP_SYNC] etapa catalogo inicio
04-25 15:18:42.839 I/ReactNativeJS(31625): [RP_SYNC] etapa mesas inicio
04-25 15:18:42.846 I/ReactNativeJS(31625): [RP_SYNC] etapa formas inicio
04-25 15:18:42.849 I/ReactNativeJS(31625): [RP_SYNC] etapa configuracoes inicio
04-25 15:18:43.815 I/ReactNativeJS(31625): [RP_SYNC] menu prewarm adiado origem=inicial-focus: syncAll em andamento
04-25 15:18:45.641 I/ReactNativeJS(31625): [RP_SYNC] produtos remoto count=215 exibirImagem=false preserveCachedImages=false em 2200ms
04-25 15:18:46.924 I/ReactNativeJS(31625): [RP_SYNC] etapa formas ok em 4079ms | 2 formas de pagamento atualizadas
04-25 15:18:46.924 I/ReactNativeJS(31625): [RP_SYNC] etapa usuarios inicio
04-25 15:18:46.933 I/ReactNativeJS(31625): [RP_SYNC] etapa configuracoes ok em 4083ms | Configurações de mesa/comanda carregadas
04-25 15:18:47.222 I/ReactNativeJS(31625): [RP_SYNC] etapa mesas ok em 4383ms | 200 mesas atualizadas
04-25 15:18:48.900 I/ReactNativeJS(31625): [RP_SYNC] etapa usuarios ok em 1976ms | 5 usuários carregados
04-25 15:18:52.221 I/ReactNativeJS(31625): [RP_SYNC] cache produtos sem alteracao count=215 em 5311ms
04-25 15:18:52.221 I/ReactNativeJS(31625): [RP_SYNC] produtos prontos count=215 compact=false em 8780ms
04-25 15:18:52.222 I/ReactNativeJS(31625): [RP_SYNC] etapa catalogo ok em 9384ms | Catálogo: 19 categorias | 215 produtos | imagens por demanda
04-25 15:18:52.223 I/ReactNativeJS(31625): [RP_SYNC] syncAll fim status=ok em 9386ms
04-25 15:18:53.518 I/ReactNativeJS(31625): [RP_SYNC] ui Verificando disponibilidade da API: http://192.168.15.35:9000
04-25 15:18:55.807 I/ReactNativeJS(31625): [RP_SYNC] ui Iniciando sincronização completa...
04-25 15:18:55.808 I/ReactNativeJS(31625): [RP_SYNC] syncAll inicio tasks=catalogo,mesas,formas,configuracoes,usuarios
04-25 15:18:55.808 I/ReactNativeJS(31625): [RP_SYNC] etapa catalogo inicio
04-25 15:18:55.809 I/ReactNativeJS(31625): [RP_SYNC] ui Sincronizando etapa: catalogo
04-25 15:18:55.810 I/ReactNativeJS(31625): [RP_SYNC] etapa mesas inicio
04-25 15:18:55.810 I/ReactNativeJS(31625): [RP_SYNC] ui Sincronizando etapa: mesas
04-25 15:18:55.814 I/ReactNativeJS(31625): [RP_SYNC] etapa formas inicio
04-25 15:18:55.814 I/ReactNativeJS(31625): [RP_SYNC] ui Sincronizando etapa: formas
04-25 15:18:55.817 I/ReactNativeJS(31625): [RP_SYNC] etapa configuracoes inicio
04-25 15:18:55.817 I/ReactNativeJS(31625): [RP_SYNC] ui Sincronizando etapa: configuracoes
04-25 15:18:56.505 I/ReactNativeJS(31625): [RP_SYNC] ui ✓ configuracoes (689ms): Configurações de mesa/comanda carregadas
04-25 15:18:56.507 I/ReactNativeJS(31625): [RP_SYNC] etapa configuracoes ok em 689ms | Configurações de mesa/comanda carregadas
04-25 15:18:56.507 I/ReactNativeJS(31625): [RP_SYNC] etapa usuarios inicio
04-25 15:18:56.507 I/ReactNativeJS(31625): [RP_SYNC] ui Sincronizando etapa: usuarios
04-25 15:18:56.516 I/ReactNativeJS(31625): [RP_SYNC] ui ✓ formas (702ms): 2 formas de pagamento atualizadas
04-25 15:18:56.517 I/ReactNativeJS(31625): [RP_SYNC] etapa formas ok em 702ms | 2 formas de pagamento atualizadas
04-25 15:18:56.548 I/ReactNativeJS(31625): [RP_SYNC] ui ✓ mesas (738ms): 200 mesas atualizadas
04-25 15:18:56.551 I/ReactNativeJS(31625): [RP_SYNC] etapa mesas ok em 738ms | 200 mesas atualizadas
04-25 15:18:56.762 I/ReactNativeJS(31625): [RP_SYNC] produtos remoto count=215 exibirImagem=false preserveCachedImages=false em 262ms
04-25 15:19:01.810 I/ReactNativeJS(31625): [RP_SYNC] ui ✓ usuarios (5.3s): 5 usuários carregados
04-25 15:19:01.811 I/ReactNativeJS(31625): [RP_SYNC] etapa usuarios ok em 5303ms | 5 usuários carregados
04-25 15:19:04.484 I/ReactNativeJS(31625): [RP_SYNC] cache produtos sem alteracao count=215 em 5912ms
04-25 15:19:04.485 I/ReactNativeJS(31625): [RP_SYNC] produtos prontos count=215 compact=false em 7984ms
04-25 15:19:04.834 I/ReactNativeJS(31625): [RP_SYNC] ui ✓ catalogo (9.0s): Catálogo: 19 categorias | 215 produtos | imagens por demanda
04-25 15:19:04.834 I/ReactNativeJS(31625): [RP_SYNC] etapa catalogo ok em 9025ms | Catálogo: 19 categorias | 215 produtos | imagens por demanda
04-25 15:19:04.835 I/ReactNativeJS(31625): [RP_SYNC] syncAll fim status=ok em 9027ms
04-25 15:19:04.836 I/ReactNativeJS(31625): [RP_SYNC] menu refresh inicio preferCache=true forceRemote=false
04-25 15:19:04.838 I/ReactNativeJS(31625): [RP_SYNC] ui Atualização Permissões do usuário em 1ms
04-25 15:19:04.839 I/ReactNativeJS(31625): [RP_SYNC] menu refresh fim categorias=19 produtos=215 em 3ms
04-25 15:19:04.839 I/ReactNativeJS(31625): [RP_SYNC] ui Atualização Cardápio em 3ms
04-25 15:19:04.839 I/ReactNativeJS(31625): [RP_SYNC] ui Sincronização concluída em 2026-04-25T18:18:55.808Z | status: ok
04-25 15:19:09.621 W/ReactNativeJS(31625): [RP_SYNC] ui Atualização Painel em segundo plano falhou: Sincronização interrompida
04-25 15:19:11.866 I/ReactNativeJS(31625): [RP_SYNC] menu prewarm inicio origem=inicial-focus cats=19 produtos=215
04-25 15:19:11.866 I/ReactNativeJS(31625): [RP_SYNC] menu refresh inicio preferCache=true forceRemote=false
04-25 15:19:11.885 I/ReactNativeJS(31625): [RP_SYNC] menu refresh fim categorias=19 produtos=215 em 19ms
04-25 15:19:11.886 I/ReactNativeJS(31625): [RP_SYNC] menu prewarm fim origem=inicial-focus em 20ms
