--------- beginning of main
--------- beginning of system
04-25 15:13:59.067 I/ReactNativeJS(31092): Running "main"
04-25 15:14:05.624 I/ReactNativeJS(31092): [RP_SYNC] syncAll inicio tasks=catalogo,mesas,formas,configuracoes,usuarios
04-25 15:14:05.624 I/ReactNativeJS(31092): [RP_SYNC] etapa catalogo inicio
04-25 15:14:05.626 I/ReactNativeJS(31092): [RP_SYNC] etapa mesas inicio
04-25 15:14:05.630 I/ReactNativeJS(31092): [RP_SYNC] etapa formas inicio
04-25 15:14:05.634 I/ReactNativeJS(31092): [RP_SYNC] etapa configuracoes inicio
04-25 15:14:06.822 I/ReactNativeJS(31092): [RP_SYNC] menu prewarm adiado origem=inicial-focus: syncAll em andamento
04-25 15:14:07.431 I/ReactNativeJS(31092): [RP_SYNC] produtos remoto count=215 exibirImagem=false preserveCachedImages=false em 1031ms
04-25 15:14:08.796 I/ReactNativeJS(31092): [RP_SYNC] etapa mesas ok em 3171ms | 200 mesas atualizadas
04-25 15:14:08.796 I/ReactNativeJS(31092): [RP_SYNC] etapa usuarios inicio
04-25 15:14:08.800 I/ReactNativeJS(31092): [RP_SYNC] etapa formas ok em 3170ms | 2 formas de pagamento atualizadas
04-25 15:14:08.804 I/ReactNativeJS(31092): [RP_SYNC] etapa configuracoes ok em 3170ms | Configurações de mesa/comanda carregadas
04-25 15:14:10.064 I/ReactNativeJS(31092): [RP_SYNC] etapa usuarios ok em 1268ms | 5 usuários carregados
04-25 15:14:11.687 I/ReactNativeJS(31092): [RP_SYNC] menu prewarm adiado origem=inicial-focus: syncAll em andamento
04-25 15:14:14.204 I/ReactNativeJS(31092): [RP_SYNC] cache produtos sem alteracao count=215 em 5460ms
04-25 15:14:14.204 I/ReactNativeJS(31092): [RP_SYNC] produtos prontos count=215 compact=false em 7805ms
04-25 15:14:14.204 I/ReactNativeJS(31092): [RP_SYNC] etapa catalogo ok em 8580ms | Catálogo: 19 categorias | 215 produtos | imagens por demanda
04-25 15:14:14.204 I/ReactNativeJS(31092): [RP_SYNC] syncAll fim status=ok em 8580ms
04-25 15:14:15.029 I/ReactNativeJS(31092): [RP_SYNC] menu prewarm inicio origem=inicial-focus cats=0 produtos=0
04-25 15:14:15.029 I/ReactNativeJS(31092): [RP_SYNC] menu refresh inicio preferCache=true forceRemote=false
04-25 15:14:19.936 I/ReactNativeJS(31092): [RP_SYNC] ui Verificando disponibilidade da API: http://192.168.15.35:9000
04-25 15:14:22.325 I/ReactNativeJS(31092): [RP_SYNC] cache produtos sqlite compacto count=215 em 7137ms
04-25 15:14:22.327 I/ReactNativeJS(31092): [RP_SYNC] menu refresh fim categorias=19 produtos=215 em 7298ms
04-25 15:14:22.328 I/ReactNativeJS(31092): [RP_SYNC] menu prewarm fim origem=inicial-focus em 7299ms
04-25 15:14:22.340 I/ReactNativeJS(31092): [RP_SYNC] ui Iniciando sincronização completa...
04-25 15:14:22.340 I/ReactNativeJS(31092): [RP_SYNC] syncAll inicio tasks=catalogo,mesas,formas,configuracoes,usuarios
04-25 15:14:22.341 I/ReactNativeJS(31092): [RP_SYNC] etapa catalogo inicio
04-25 15:14:22.341 I/ReactNativeJS(31092): [RP_SYNC] ui Sincronizando etapa: catalogo
04-25 15:14:22.343 I/ReactNativeJS(31092): [RP_SYNC] etapa mesas inicio
04-25 15:14:22.343 I/ReactNativeJS(31092): [RP_SYNC] ui Sincronizando etapa: mesas
04-25 15:14:22.348 I/ReactNativeJS(31092): [RP_SYNC] etapa formas inicio
04-25 15:14:22.348 I/ReactNativeJS(31092): [RP_SYNC] ui Sincronizando etapa: formas
04-25 15:14:22.353 I/ReactNativeJS(31092): [RP_SYNC] etapa configuracoes inicio
04-25 15:14:22.353 I/ReactNativeJS(31092): [RP_SYNC] ui Sincronizando etapa: configuracoes
04-25 15:14:23.329 I/ReactNativeJS(31092): [RP_SYNC] produtos remoto count=215 exibirImagem=false preserveCachedImages=false em 224ms
04-25 15:14:25.224 I/ReactNativeJS(31092): [RP_SYNC] ui ✓ formas (2.9s): 2 formas de pagamento atualizadas
04-25 15:14:25.224 I/ReactNativeJS(31092): [RP_SYNC] etapa formas ok em 2876ms | 2 formas de pagamento atualizadas
04-25 15:14:25.225 I/ReactNativeJS(31092): [RP_SYNC] etapa usuarios inicio
04-25 15:14:25.225 I/ReactNativeJS(31092): [RP_SYNC] ui Sincronizando etapa: usuarios
04-25 15:14:25.233 I/ReactNativeJS(31092): [RP_SYNC] ui ✓ configuracoes (2.9s): Configurações de mesa/comanda carregadas
04-25 15:14:25.234 I/ReactNativeJS(31092): [RP_SYNC] etapa configuracoes ok em 2880ms | Configurações de mesa/comanda carregadas
04-25 15:14:25.242 I/ReactNativeJS(31092): [RP_SYNC] ui ✓ mesas (2.9s): 200 mesas atualizadas
04-25 15:14:25.243 I/ReactNativeJS(31092): [RP_SYNC] etapa mesas ok em 2899ms | 200 mesas atualizadas
04-25 15:14:28.583 I/ReactNativeJS(31092): [RP_SYNC] ui ✓ usuarios (3.4s): 5 usuários carregados
04-25 15:14:28.583 I/ReactNativeJS(31092): [RP_SYNC] etapa usuarios ok em 3358ms | 5 usuários carregados
04-25 15:14:33.167 I/ReactNativeJS(31092): [RP_SYNC] cache produtos sem alteracao count=215 em 7970ms
04-25 15:14:33.168 I/ReactNativeJS(31092): [RP_SYNC] produtos prontos count=215 compact=false em 10064ms
04-25 15:14:33.168 I/ReactNativeJS(31092): [RP_SYNC] ui ✓ catalogo (10.8s): Catálogo: 19 categorias | 215 produtos | imagens por demanda
04-25 15:14:33.169 I/ReactNativeJS(31092): [RP_SYNC] etapa catalogo ok em 10827ms | Catálogo: 19 categorias | 215 produtos | imagens por demanda
04-25 15:14:33.169 I/ReactNativeJS(31092): [RP_SYNC] syncAll fim status=ok em 10829ms
04-25 15:14:33.170 I/ReactNativeJS(31092): [RP_SYNC] menu refresh inicio preferCache=true forceRemote=false
04-25 15:14:33.172 I/ReactNativeJS(31092): [RP_SYNC] ui Atualização Permissões do usuário em 1ms
04-25 15:14:33.175 I/ReactNativeJS(31092): [RP_SYNC] menu refresh fim categorias=19 produtos=215 em 4ms
04-25 15:14:33.175 I/ReactNativeJS(31092): [RP_SYNC] ui Atualização Cardápio em 5ms
04-25 15:14:33.186 I/ReactNativeJS(31092): [RP_SYNC] ui Sincronização concluída em 2026-04-25T18:14:22.340Z | status: ok
04-25 15:14:35.357 I/ReactNativeJS(31092): [RP_SYNC] menu prewarm inicio origem=inicial-focus cats=19 produtos=215
04-25 15:14:35.358 I/ReactNativeJS(31092): [RP_SYNC] menu refresh inicio preferCache=true forceRemote=false
04-25 15:14:35.376 I/ReactNativeJS(31092): [RP_SYNC] menu refresh fim categorias=19 produtos=215 em 17ms
04-25 15:14:35.377 I/ReactNativeJS(31092): [RP_SYNC] menu prewarm fim origem=inicial-focus em 19ms
04-25 15:14:36.296 I/ReactNativeJS(31092): [RP_SYNC] ui Atualização Painel em segundo plano em 3.1s
