--------- beginning of main
--------- beginning of system
04-25 19:02:17.399 I/ReactNativeJS(10657): Running "main"
04-25 19:02:41.282 I/ReactNativeJS(10657): [RP_SYNC] syncAll inicio tasks=catalogo,mesas,formas,configuracoes,usuarios
04-25 19:02:41.282 I/ReactNativeJS(10657): [RP_SYNC] etapa catalogo inicio
04-25 19:02:41.283 I/ReactNativeJS(10657): [RP_SYNC] etapa mesas inicio
04-25 19:02:41.287 I/ReactNativeJS(10657): [RP_SYNC] etapa formas inicio
04-25 19:02:41.299 I/ReactNativeJS(10657): [RP_SYNC] etapa configuracoes inicio
04-25 19:02:42.453 I/ReactNativeJS(10657): [RP_SYNC] menu prewarm adiado origem=inicial-focus: syncAll em andamento
04-25 19:02:43.739 I/ReactNativeJS(10657): [RP_SYNC] produtos remoto count=215 exibirImagem=false preserveCachedImages=false em 1672ms
04-25 19:02:44.132 I/ReactNativeJS(10657): [RP_SYNC] categorias remoto count=19 em 28ms
04-25 19:02:44.135 I/ReactNativeJS(10657): [RP_SYNC] etapa configuracoes ok em 2837ms | Configurações de mesa/comanda carregadas
04-25 19:02:44.135 I/ReactNativeJS(10657): [RP_SYNC] etapa usuarios inicio
04-25 19:02:44.141 I/ReactNativeJS(10657): [RP_SYNC] etapa formas ok em 2854ms | 2 formas de pagamento atualizadas
04-25 19:02:44.150 I/ReactNativeJS(10657): [RP_SYNC] etapa mesas ok em 2867ms | 200 mesas atualizadas
04-25 19:02:45.471 I/ReactNativeJS(10657): [RP_SYNC] etapa usuarios ok em 1336ms | 5 usuários carregados
04-25 19:02:46.877 I/ReactNativeJS(10657): [RP_SYNC] menu prewarm adiado origem=inicial-focus: syncAll em andamento
04-25 19:02:47.053 I/ReactNativeJS(10657): [RP_SYNC] produtos prontos inalterado count=215 em 4986ms
04-25 19:02:47.053 I/ReactNativeJS(10657): [RP_SYNC] etapa catalogo ok em 5771ms | Catálogo: 19 categorias | 215 produtos | imagens por demanda
04-25 19:02:47.054 I/ReactNativeJS(10657): [RP_SYNC] syncAll fim status=ok em 5772ms
04-25 19:02:47.817 I/ReactNativeJS(10657): [RP_SYNC] menu prewarm inicio origem=abrir-cardapio cats=0 produtos=0
04-25 19:02:47.818 I/ReactNativeJS(10657): [RP_SYNC] menu refresh inicio preferCache=true forceRemote=false
04-25 19:02:48.606 I/ReactNativeJS(10657): [RP_SYNC] menu tela carga inicial cache cats=0 produtos=0
04-25 19:02:50.784 I/ReactNativeJS(10657): [RP_SYNC] cache produtos sqlite compacto count=215 em 1513ms
04-25 19:02:50.784 I/ReactNativeJS(10657): [RP_SYNC] menu refresh fim categorias=19 produtos=215 em 2966ms
04-25 19:02:50.785 I/ReactNativeJS(10657): [RP_SYNC] menu tela cache pronto em 2179ms
04-25 19:02:50.785 I/ReactNativeJS(10657): [RP_SYNC] menu prewarm fim origem=abrir-cardapio em 2968ms
04-25 19:02:51.688 I/ReactNativeJS(10657): [RP_SYNC] menu refresh inicio preferCache=true forceRemote=false
04-25 19:02:51.689 I/ReactNativeJS(10657): [RP_SYNC] menu refresh fim categorias=19 produtos=215 em 1ms
04-25 19:03:32.025 I/ReactNativeJS(10657): [RP_SYNC] menu tela carga inicial cache cats=0 produtos=215
04-25 19:03:32.025 I/ReactNativeJS(10657): [RP_SYNC] menu refresh inicio preferCache=true forceRemote=false
04-25 19:03:32.244 I/ReactNativeJS(10657): [RP_SYNC] menu refresh fim categorias=19 produtos=215 em 219ms
04-25 19:03:32.245 I/ReactNativeJS(10657): [RP_SYNC] menu tela cache pronto em 219ms
