--------- beginning of main
--------- beginning of system
04-25 18:46:47.313 I/ReactNativeJS( 9057): Running "main"
04-25 18:46:54.551 I/ReactNativeJS( 9057): [RP_SYNC] syncAll inicio tasks=catalogo,mesas,formas,configuracoes,usuarios
04-25 18:46:54.552 I/ReactNativeJS( 9057): [RP_SYNC] etapa catalogo inicio
04-25 18:46:54.556 I/ReactNativeJS( 9057): [RP_SYNC] etapa mesas inicio
04-25 18:46:54.565 I/ReactNativeJS( 9057): [RP_SYNC] etapa formas inicio
04-25 18:46:54.569 I/ReactNativeJS( 9057): [RP_SYNC] etapa configuracoes inicio
04-25 18:46:55.773 I/ReactNativeJS( 9057): [RP_SYNC] menu prewarm adiado origem=inicial-focus: syncAll em andamento
04-25 18:46:56.124 I/ReactNativeJS( 9057): [RP_SYNC] produtos remoto count=215 exibirImagem=false preserveCachedImages=false em 712ms
04-25 18:46:56.491 I/ReactNativeJS( 9057): [RP_SYNC] etapa formas ok em 1927ms | 2 formas de pagamento atualizadas
04-25 18:46:56.491 I/ReactNativeJS( 9057): [RP_SYNC] etapa usuarios inicio
04-25 18:46:56.534 I/ReactNativeJS( 9057): [RP_SYNC] produtos prontos inalterado count=215 em 1122ms
04-25 18:46:57.098 I/ReactNativeJS( 9057): [RP_SYNC] categorias remoto count=19 em 604ms
04-25 18:46:57.139 I/ReactNativeJS( 9057): [RP_SYNC] etapa configuracoes ok em 2570ms | Configurações de mesa/comanda carregadas
04-25 18:46:57.144 I/ReactNativeJS( 9057): [RP_SYNC] etapa catalogo ok em 2592ms | Catálogo: 19 categorias | 215 produtos | imagens por demanda
04-25 18:46:57.162 I/ReactNativeJS( 9057): [RP_SYNC] etapa mesas ok em 2606ms | 200 mesas atualizadas
04-25 18:46:57.191 I/ReactNativeJS( 9057): [RP_SYNC] etapa usuarios ok em 700ms | 5 usuários carregados
04-25 18:46:57.192 I/ReactNativeJS( 9057): [RP_SYNC] syncAll fim status=ok em 2642ms
04-25 18:46:58.189 I/ReactNativeJS( 9057): [RP_SYNC] menu prewarm inicio origem=inicial-focus cats=0 produtos=0
04-25 18:46:58.189 I/ReactNativeJS( 9057): [RP_SYNC] menu refresh inicio preferCache=true forceRemote=false
04-25 18:47:01.432 I/ReactNativeJS( 9057): [RP_SYNC] cache produtos sqlite compacto count=215 em 2836ms
04-25 18:47:01.434 I/ReactNativeJS( 9057): [RP_SYNC] menu refresh fim categorias=19 produtos=215 em 3245ms
04-25 18:47:01.435 I/ReactNativeJS( 9057): [RP_SYNC] menu prewarm fim origem=inicial-focus em 3246ms
04-25 18:47:06.679 I/ReactNativeJS( 9057): [RP_SYNC] ui Verificando disponibilidade da API: http://192.168.15.35:9000
04-25 18:47:06.891 I/ReactNativeJS( 9057): [RP_SYNC] ui Iniciando sincronização completa...
04-25 18:47:06.891 I/ReactNativeJS( 9057): [RP_SYNC] syncAll inicio tasks=catalogo,mesas,formas,configuracoes,usuarios
04-25 18:47:06.891 I/ReactNativeJS( 9057): [RP_SYNC] etapa catalogo inicio
04-25 18:47:06.892 I/ReactNativeJS( 9057): [RP_SYNC] ui Sincronizando etapa: catalogo
04-25 18:47:06.892 I/ReactNativeJS( 9057): [RP_SYNC] etapa mesas inicio
04-25 18:47:06.892 I/ReactNativeJS( 9057): [RP_SYNC] ui Sincronizando etapa: mesas
04-25 18:47:06.895 I/ReactNativeJS( 9057): [RP_SYNC] etapa formas inicio
04-25 18:47:06.895 I/ReactNativeJS( 9057): [RP_SYNC] ui Sincronizando etapa: formas
04-25 18:47:06.898 I/ReactNativeJS( 9057): [RP_SYNC] etapa configuracoes inicio
04-25 18:47:06.898 I/ReactNativeJS( 9057): [RP_SYNC] ui Sincronizando etapa: configuracoes
04-25 18:47:07.592 I/ReactNativeJS( 9057): [RP_SYNC] produtos remoto count=215 exibirImagem=false preserveCachedImages=false em 432ms
04-25 18:47:08.131 I/ReactNativeJS( 9057): [RP_SYNC] categorias remoto count=19 em 970ms
04-25 18:47:08.146 I/ReactNativeJS( 9057): [RP_SYNC] ui ✓ formas (1.3s): 2 formas de pagamento atualizadas
04-25 18:47:08.147 I/ReactNativeJS( 9057): [RP_SYNC] etapa formas ok em 1251ms | 2 formas de pagamento atualizadas
04-25 18:47:08.151 I/ReactNativeJS( 9057): [RP_SYNC] etapa usuarios inicio
04-25 18:47:08.151 I/ReactNativeJS( 9057): [RP_SYNC] ui Sincronizando etapa: usuarios
04-25 18:47:08.164 I/ReactNativeJS( 9057): [RP_SYNC] ui ✓ configuracoes (1.3s): Configurações de mesa/comanda carregadas
04-25 18:47:08.164 I/ReactNativeJS( 9057): [RP_SYNC] etapa configuracoes ok em 1266ms | Configurações de mesa/comanda carregadas
04-25 18:47:10.498 I/ReactNativeJS( 9057): [RP_SYNC] ui ✓ mesas (3.6s): 200 mesas atualizadas
04-25 18:47:10.499 I/ReactNativeJS( 9057): [RP_SYNC] etapa mesas ok em 3606ms | 200 mesas atualizadas
04-25 18:47:11.103 I/ReactNativeJS( 9057): [RP_SYNC] ui ✓ usuarios (3.0s): 5 usuários carregados
04-25 18:47:11.103 I/ReactNativeJS( 9057): [RP_SYNC] etapa usuarios ok em 2956ms | 5 usuários carregados
04-25 18:47:11.104 I/ReactNativeJS( 9057): [RP_SYNC] produtos prontos inalterado count=215 em 3944ms
04-25 18:47:11.104 I/ReactNativeJS( 9057): [RP_SYNC] ui ✓ catalogo (4.2s): Catálogo: 19 categorias | 215 produtos | imagens por demanda
04-25 18:47:11.104 I/ReactNativeJS( 9057): [RP_SYNC] etapa catalogo ok em 4213ms | Catálogo: 19 categorias | 215 produtos | imagens por demanda
04-25 18:47:11.104 I/ReactNativeJS( 9057): [RP_SYNC] syncAll fim status=ok em 4213ms
04-25 18:47:11.105 I/ReactNativeJS( 9057): [RP_SYNC] ui Atualização Permissões do usuário em 0ms
04-25 18:47:11.106 I/ReactNativeJS( 9057): [RP_SYNC] menu refresh inicio preferCache=true forceRemote=false
04-25 18:47:11.115 I/ReactNativeJS( 9057): [RP_SYNC] ui Sincronização concluída em 2026-04-25T21:47:06.891Z | status: ok
04-25 18:47:11.131 I/ReactNativeJS( 9057): [RP_SYNC] menu refresh fim categorias=19 produtos=215 em 25ms
04-25 18:47:11.131 I/ReactNativeJS( 9057): [RP_SYNC] ui Atualização Cardápio em segundo plano em 25ms
04-25 18:47:18.544 I/ReactNativeJS( 9057): [RP_SYNC] ui Atualização Painel em segundo plano em 7.4s
04-25 18:47:19.867 I/ReactNativeJS( 9057): [RP_SYNC] menu prewarm inicio origem=inicial-focus cats=19 produtos=215
04-25 18:47:19.867 I/ReactNativeJS( 9057): [RP_SYNC] menu refresh inicio preferCache=true forceRemote=false
04-25 18:47:19.882 I/ReactNativeJS( 9057): [RP_SYNC] menu refresh fim categorias=19 produtos=215 em 15ms
04-25 18:47:19.882 I/ReactNativeJS( 9057): [RP_SYNC] menu prewarm fim origem=inicial-focus em 15ms
