--------- beginning of main
--------- beginning of system
04-25 18:57:13.159 I/ReactNativeJS( 9966): Running "main"
04-25 18:57:47.233 I/ReactNativeJS( 9966): [RP_SYNC] syncAll inicio tasks=catalogo,mesas,formas,configuracoes,usuarios
04-25 18:57:47.233 I/ReactNativeJS( 9966): [RP_SYNC] etapa catalogo inicio
04-25 18:57:47.235 I/ReactNativeJS( 9966): [RP_SYNC] etapa mesas inicio
04-25 18:57:47.271 I/ReactNativeJS( 9966): [RP_SYNC] etapa formas inicio
04-25 18:57:47.275 I/ReactNativeJS( 9966): [RP_SYNC] etapa configuracoes inicio
04-25 18:57:48.437 I/ReactNativeJS( 9966): [RP_SYNC] menu prewarm adiado origem=inicial-focus: syncAll em andamento
04-25 18:57:50.059 I/ReactNativeJS( 9966): [RP_SYNC] produtos remoto count=215 exibirImagem=false preserveCachedImages=false em 1970ms
04-25 18:57:50.416 I/ReactNativeJS( 9966): [RP_SYNC] etapa formas ok em 3145ms | 2 formas de pagamento atualizadas
04-25 18:57:50.416 I/ReactNativeJS( 9966): [RP_SYNC] etapa usuarios inicio
04-25 18:57:50.422 I/ReactNativeJS( 9966): [RP_SYNC] etapa configuracoes ok em 3147ms | Configurações de mesa/comanda carregadas
04-25 18:57:50.439 I/ReactNativeJS( 9966): [RP_SYNC] categorias remoto count=19 em 16ms
04-25 18:57:51.271 I/ReactNativeJS( 9966): [RP_SYNC] etapa mesas ok em 4036ms | 200 mesas atualizadas
04-25 18:57:51.742 I/ReactNativeJS( 9966): [RP_SYNC] etapa usuarios ok em 1326ms | 5 usuários carregados
04-25 18:57:53.106 I/ReactNativeJS( 9966): [RP_SYNC] menu prewarm adiado origem=inicial-focus: syncAll em andamento
04-25 18:57:53.913 I/ReactNativeJS( 9966): [RP_SYNC] produtos prontos inalterado count=215 em 5824ms
04-25 18:57:53.913 I/ReactNativeJS( 9966): [RP_SYNC] etapa catalogo ok em 6680ms | Catálogo: 19 categorias | 215 produtos | imagens por demanda
04-25 18:57:53.914 I/ReactNativeJS( 9966): [RP_SYNC] syncAll fim status=ok em 6682ms
04-25 18:57:54.679 I/ReactNativeJS( 9966): [RP_SYNC] menu prewarm inicio origem=inicial-focus cats=0 produtos=0
04-25 18:57:54.679 I/ReactNativeJS( 9966): [RP_SYNC] menu refresh inicio preferCache=true forceRemote=false
04-25 18:57:55.602 I/ReactNativeJS( 9966): [RP_SYNC] menu tela carga inicial cache cats=0 produtos=0
04-25 18:57:57.231 I/ReactNativeJS( 9966): [RP_SYNC] cache produtos sqlite compacto count=215 em 1617ms
04-25 18:57:57.231 I/ReactNativeJS( 9966): [RP_SYNC] menu refresh fim categorias=19 produtos=215 em 2552ms
04-25 18:57:57.232 I/ReactNativeJS( 9966): [RP_SYNC] menu tela cache pronto em 1630ms
04-25 18:57:57.232 I/ReactNativeJS( 9966): [RP_SYNC] menu prewarm fim origem=inicial-focus em 2553ms
04-25 18:57:57.294 I/ReactNativeJS( 9966): [RP_SYNC] menu refresh inicio preferCache=true forceRemote=false
04-25 18:57:57.296 I/ReactNativeJS( 9966): [RP_SYNC] menu refresh fim categorias=19 produtos=215 em 2ms
04-25 18:58:05.126 I/ReactNativeJS( 9966): 'VirtualizedList: You have a large list that is slow to update - make sure your renderItem function renders components that follow React performance best practices like PureComponent, shouldComponentUpdate, etc.', { dt: 1637, prevDt: 1108, contentLength: 28297.5 }
04-25 18:58:11.778 I/ReactNativeJS( 9966): [RP_SYNC] menu tela carga inicial cache cats=0 produtos=215
04-25 18:58:11.778 I/ReactNativeJS( 9966): [RP_SYNC] menu refresh inicio preferCache=true forceRemote=false
04-25 18:58:11.993 I/ReactNativeJS( 9966): [RP_SYNC] menu refresh fim categorias=19 produtos=215 em 215ms
04-25 18:58:11.993 I/ReactNativeJS( 9966): [RP_SYNC] menu tela cache pronto em 215ms
04-25 18:58:26.156 I/ReactNativeJS( 9966): 'VirtualizedList: You have a large list that is slow to update - make sure your renderItem function renders components that follow React performance best practices like PureComponent, shouldComponentUpdate, etc.', { dt: 4260, prevDt: 1824, contentLength: 2078.5 }
