--------- beginning of main
--------- beginning of system
04-25 14:53:10.650 I/ReactNativeJS(28225): Running "main"
04-25 14:53:16.551 I/ReactNativeJS(28225): [RP_SYNC] syncAll inicio tasks=catalogo,mesas,formas,configuracoes,usuarios
04-25 14:53:16.551 I/ReactNativeJS(28225): [RP_SYNC] etapa catalogo inicio
04-25 14:53:17.675 I/ReactNativeJS(28225): [RP_SYNC] produtos remoto count=215 exibirImagem=false preserveCachedImages=false em 268ms
04-25 14:53:18.920 I/ReactNativeJS(28225): [RP_SYNC] menu prewarm inicio origem=inicial-focus cats=0 produtos=0
04-25 14:53:18.921 I/ReactNativeJS(28225): [RP_SYNC] menu refresh inicio preferCache=true forceRemote=false
04-25 14:53:23.126 I/ReactNativeJS(28225): [RP_SYNC] cache produtos sqlite compacto count=215 em 4204ms
04-25 14:53:23.126 I/ReactNativeJS(28225): [RP_SYNC] menu refresh fim categorias=19 produtos=215 em 4206ms
04-25 14:53:23.126 I/ReactNativeJS(28225): [RP_SYNC] menu prewarm fim origem=inicial-focus em 4206ms
04-25 14:53:23.630 I/ReactNativeJS(28225): [RP_SYNC] menu prewarm inicio origem=abrir-cardapio cats=19 produtos=0
04-25 14:53:23.630 I/ReactNativeJS(28225): [RP_SYNC] menu refresh inicio preferCache=true forceRemote=false
04-25 14:53:25.478 I/ReactNativeJS(28225): [RP_SYNC] menu refresh fim categorias=19 produtos=215 em 1848ms
04-25 14:53:25.478 I/ReactNativeJS(28225): [RP_SYNC] menu prewarm fim origem=abrir-cardapio em 1848ms
04-25 14:53:32.841 I/ReactNativeJS(28225): [RP_SYNC] cache produtos salvo count=215 stale=0 em 14067ms
04-25 14:53:32.841 I/ReactNativeJS(28225): [RP_SYNC] produtos prontos count=215 compact=false em 15434ms
04-25 14:53:32.841 I/ReactNativeJS(28225): [RP_SYNC] etapa catalogo ok em 16290ms | Catálogo: 19 categorias | 215 produtos | imagens por demanda
04-25 14:53:32.841 I/ReactNativeJS(28225): [RP_SYNC] etapa mesas inicio
04-25 14:53:32.844 I/ReactNativeJS(28225): [RP_SYNC] etapa formas inicio
04-25 14:53:32.847 I/ReactNativeJS(28225): [RP_SYNC] etapa configuracoes inicio
04-25 14:53:32.852 I/ReactNativeJS(28225): [RP_SYNC] etapa usuarios inicio
04-25 14:53:33.695 I/ReactNativeJS(28225): [RP_SYNC] etapa configuracoes ok em 848ms | Configurações de mesa/comanda carregadas
04-25 14:53:33.742 I/ReactNativeJS(28225): [RP_SYNC] etapa formas ok em 897ms | 2 formas de pagamento atualizadas
04-25 14:53:33.743 I/ReactNativeJS(28225): [RP_SYNC] etapa usuarios ok em 891ms | 5 usuários carregados
04-25 14:53:33.750 I/ReactNativeJS(28225): [RP_SYNC] etapa mesas ok em 909ms | 200 mesas atualizadas
04-25 14:53:33.750 I/ReactNativeJS(28225): [RP_SYNC] syncAll fim status=ok em 17199ms
04-25 14:53:38.314 I/ReactNativeJS(28225): [RP_SYNC] ui Verificando disponibilidade da API: http://192.168.15.35:9000
04-25 14:53:38.466 I/ReactNativeJS(28225): [RP_SYNC] ui Iniciando sincronização completa...
04-25 14:53:38.467 I/ReactNativeJS(28225): [RP_SYNC] syncAll inicio tasks=catalogo,mesas,formas,configuracoes,usuarios
04-25 14:53:38.467 I/ReactNativeJS(28225): [RP_SYNC] etapa catalogo inicio
04-25 14:53:38.467 I/ReactNativeJS(28225): [RP_SYNC] ui Sincronizando etapa: catalogo
04-25 14:53:38.927 I/ReactNativeJS(28225): [RP_SYNC] produtos remoto count=215 exibirImagem=false preserveCachedImages=false em 247ms
04-25 14:53:48.491 I/ReactNativeJS(28225): [RP_SYNC] cache produtos sem alteracao count=215 em 8176ms
04-25 14:53:48.491 I/ReactNativeJS(28225): [RP_SYNC] produtos prontos count=215 compact=false em 9811ms
04-25 14:53:48.492 I/ReactNativeJS(28225): [RP_SYNC] ui ✓ catalogo (10.0s): Catálogo: 19 categorias | 215 produtos | imagens por demanda
04-25 14:53:48.492 I/ReactNativeJS(28225): [RP_SYNC] etapa catalogo ok em 10024ms | Catálogo: 19 categorias | 215 produtos | imagens por demanda
04-25 14:53:48.493 I/ReactNativeJS(28225): [RP_SYNC] etapa mesas inicio
04-25 14:53:48.493 I/ReactNativeJS(28225): [RP_SYNC] ui Sincronizando etapa: mesas
04-25 14:53:48.499 I/ReactNativeJS(28225): [RP_SYNC] etapa formas inicio
04-25 14:53:48.499 I/ReactNativeJS(28225): [RP_SYNC] ui Sincronizando etapa: formas
04-25 14:53:48.503 I/ReactNativeJS(28225): [RP_SYNC] etapa configuracoes inicio
04-25 14:53:48.503 I/ReactNativeJS(28225): [RP_SYNC] ui Sincronizando etapa: configuracoes
04-25 14:53:48.512 I/ReactNativeJS(28225): [RP_SYNC] etapa usuarios inicio
04-25 14:53:48.512 I/ReactNativeJS(28225): [RP_SYNC] ui Sincronizando etapa: usuarios
04-25 14:53:54.047 I/ReactNativeJS(28225): [RP_SYNC] ui ✓ usuarios (5.5s): 5 usuários carregados
04-25 14:53:54.048 I/ReactNativeJS(28225): [RP_SYNC] etapa usuarios ok em 5535ms | 5 usuários carregados
04-25 14:53:54.050 I/ReactNativeJS(28225): [RP_SYNC] ui ✓ configuracoes (5.5s): Configurações de mesa/comanda carregadas
04-25 14:53:54.051 I/ReactNativeJS(28225): [RP_SYNC] etapa configuracoes ok em 5547ms | Configurações de mesa/comanda carregadas
04-25 14:53:54.052 I/ReactNativeJS(28225): [RP_SYNC] ui ✓ formas (5.6s): 2 formas de pagamento atualizadas
04-25 14:53:54.052 I/ReactNativeJS(28225): [RP_SYNC] etapa formas ok em 5553ms | 2 formas de pagamento atualizadas
04-25 14:53:54.065 I/ReactNativeJS(28225): [RP_SYNC] ui ✓ mesas (5.6s): 200 mesas atualizadas
04-25 14:53:54.065 I/ReactNativeJS(28225): [RP_SYNC] etapa mesas ok em 5572ms | 200 mesas atualizadas
04-25 14:53:54.066 I/ReactNativeJS(28225): [RP_SYNC] syncAll fim status=ok em 15599ms
04-25 14:53:54.067 I/ReactNativeJS(28225): [RP_SYNC] menu refresh inicio preferCache=true forceRemote=false
04-25 14:53:54.070 I/ReactNativeJS(28225): [RP_SYNC] ui Atualização Permissões do usuário em 3ms
04-25 14:53:54.078 I/ReactNativeJS(28225): [RP_SYNC] menu refresh fim categorias=19 produtos=215 em 11ms
04-25 14:53:54.078 I/ReactNativeJS(28225): [RP_SYNC] ui Atualização Cardápio em 11ms
04-25 14:53:54.100 I/ReactNativeJS(28225): [RP_SYNC] ui Sincronização concluída em 2026-04-25T17:53:38.467Z | status: ok
04-25 14:54:01.598 I/ReactNativeJS(28225): [RP_SYNC] ui Atualização Painel em segundo plano em 7.5s
04-25 14:54:01.605 I/ReactNativeJS(28225): [RP_SYNC] menu prewarm inicio origem=inicial-focus cats=19 produtos=215
04-25 14:54:01.606 I/ReactNativeJS(28225): [RP_SYNC] menu refresh inicio preferCache=true forceRemote=false
04-25 14:54:01.621 I/ReactNativeJS(28225): [RP_SYNC] menu refresh fim categorias=19 produtos=215 em 15ms
04-25 14:54:01.621 I/ReactNativeJS(28225): [RP_SYNC] menu prewarm fim origem=inicial-focus em 16ms
04-25 14:54:14.473 I/ReactNativeJS(28225): 'VirtualizedList: You have a large list that is slow to update - make sure your renderItem function renders components that follow React performance best practices like PureComponent, shouldComponentUpdate, etc.', { dt: 1073, prevDt: 938, contentLength: 1989.5 }
