--------- beginning of main
--------- beginning of system
04-26 06:00:00.033 I/ReactNativeJS( 2552): [RP_SYNC] syncAll inicio tasks=catalogo,mesas,formas,configuracoes,usuarios
04-26 06:00:00.034 I/ReactNativeJS( 2552): [RP_SYNC] etapa catalogo inicio
04-26 06:00:00.038 I/ReactNativeJS( 2552): [RP_SYNC] etapa mesas inicio
04-26 06:00:00.050 I/ReactNativeJS( 2552): [RP_SYNC] etapa formas inicio
04-26 06:00:00.055 I/ReactNativeJS( 2552): [RP_SYNC] etapa configuracoes inicio
04-26 06:00:00.296 I/ReactNativeJS( 2552): [RP_SYNC] etapa formas ok em 246ms | 2 formas de pagamento atualizadas
04-26 06:00:00.296 I/ReactNativeJS( 2552): [RP_SYNC] etapa usuarios inicio
04-26 06:00:00.302 I/ReactNativeJS( 2552): [RP_SYNC] etapa configuracoes ok em 247ms | Configurações de mesa/comanda carregadas
04-26 06:00:01.295 I/ReactNativeJS( 2552): [RP_SYNC] produtos remoto count=215 exibirImagem=false preserveCachedImages=false em 271ms
04-26 06:00:01.889 I/ReactNativeJS( 2552): [RP_SYNC] menu prewarm adiado origem=inicial-focus: syncAll em andamento
04-26 06:00:01.904 I/ReactNativeJS( 2552): [RP_SYNC] etapa mesas ok em 1865ms | 200 mesas atualizadas
04-26 06:00:01.906 I/ReactNativeJS( 2552): [RP_SYNC] etapa usuarios ok em 1610ms | 5 usuários carregados
04-26 06:00:02.681 I/ReactNativeJS( 2552): [RP_SYNC] categorias remoto count=19 em 789ms
04-26 06:00:04.189 I/ReactNativeJS( 2552): [RP_SYNC] menu prewarm adiado origem=inicial-focus: syncAll em andamento
04-26 06:00:04.849 I/ReactNativeJS( 2552): [RP_SYNC] produtos prontos inalterado count=215 em 3826ms
04-26 06:00:04.850 I/ReactNativeJS( 2552): [RP_SYNC] etapa catalogo ok em 4816ms | Catálogo: 19 categorias | 215 produtos | imagens por demanda
04-26 06:00:04.850 I/ReactNativeJS( 2552): [RP_SYNC] syncAll fim status=ok em 4817ms
04-26 06:00:06.036 I/ReactNativeJS( 2552): [RP_SYNC] menu prewarm inicio origem=inicial-focus cats=0 produtos=0
04-26 06:00:06.036 I/ReactNativeJS( 2552): [RP_SYNC] menu refresh inicio preferCache=true forceRemote=false
04-26 06:00:08.416 I/ReactNativeJS( 2552): [RP_SYNC] cache produtos sqlite compacto count=215 em 2190ms
04-26 06:00:08.417 I/ReactNativeJS( 2552): [RP_SYNC] menu refresh fim categorias=19 produtos=215 em 2381ms
04-26 06:00:08.418 I/ReactNativeJS( 2552): [RP_SYNC] menu prewarm fim origem=inicial-focus em 2382ms
04-26 06:00:10.497 I/ReactNativeJS( 2552): [RP_SYNC] ui Verificando disponibilidade da API: http://192.168.15.35:9000
04-26 06:00:11.224 I/ReactNativeJS( 2552): [RP_SYNC] ui Iniciando sincronização completa...
04-26 06:00:11.224 I/ReactNativeJS( 2552): [RP_SYNC] syncAll inicio tasks=catalogo,mesas,formas,configuracoes,usuarios
04-26 06:00:11.225 I/ReactNativeJS( 2552): [RP_SYNC] etapa catalogo inicio
04-26 06:00:11.225 I/ReactNativeJS( 2552): [RP_SYNC] ui Sincronizando etapa: catalogo
04-26 06:00:11.226 I/ReactNativeJS( 2552): [RP_SYNC] etapa mesas inicio
04-26 06:00:11.226 I/ReactNativeJS( 2552): [RP_SYNC] ui Sincronizando etapa: mesas
04-26 06:00:11.230 I/ReactNativeJS( 2552): [RP_SYNC] etapa formas inicio
04-26 06:00:11.230 I/ReactNativeJS( 2552): [RP_SYNC] ui Sincronizando etapa: formas
04-26 06:00:11.233 I/ReactNativeJS( 2552): [RP_SYNC] etapa configuracoes inicio
04-26 06:00:11.234 I/ReactNativeJS( 2552): [RP_SYNC] ui Sincronizando etapa: configuracoes
04-26 06:00:11.957 I/ReactNativeJS( 2552): [RP_SYNC] produtos remoto count=215 exibirImagem=false preserveCachedImages=false em 177ms
04-26 06:00:12.444 I/ReactNativeJS( 2552): [RP_SYNC] categorias remoto count=19 em 661ms
04-26 06:00:12.448 I/ReactNativeJS( 2552): [RP_SYNC] ui ✓ formas (1.2s): 2 formas de pagamento atualizadas
04-26 06:00:12.448 I/ReactNativeJS( 2552): [RP_SYNC] etapa formas ok em 1218ms | 2 formas de pagamento atualizadas
04-26 06:00:12.449 I/ReactNativeJS( 2552): [RP_SYNC] etapa usuarios inicio
04-26 06:00:12.449 I/ReactNativeJS( 2552): [RP_SYNC] ui Sincronizando etapa: usuarios
04-26 06:00:12.456 I/ReactNativeJS( 2552): [RP_SYNC] ui ✓ configuracoes (1.2s): Configurações de mesa/comanda carregadas
04-26 06:00:12.457 I/ReactNativeJS( 2552): [RP_SYNC] etapa configuracoes ok em 1223ms | Configurações de mesa/comanda carregadas
04-26 06:00:12.471 I/ReactNativeJS( 2552): [RP_SYNC] ui ✓ mesas (1.2s): 200 mesas atualizadas
04-26 06:00:12.471 I/ReactNativeJS( 2552): [RP_SYNC] etapa mesas ok em 1245ms | 200 mesas atualizadas
04-26 06:00:15.375 I/ReactNativeJS( 2552): [RP_SYNC] ui ✓ usuarios (2.9s): 5 usuários carregados
04-26 06:00:15.375 I/ReactNativeJS( 2552): [RP_SYNC] etapa usuarios ok em 2926ms | 5 usuários carregados
04-26 06:00:17.671 I/ReactNativeJS( 2552): [RP_SYNC] produtos prontos inalterado count=215 em 5891ms
04-26 06:00:17.672 I/ReactNativeJS( 2552): [RP_SYNC] ui ✓ catalogo (6.4s): Catálogo: 19 categorias | 215 produtos | imagens por demanda
04-26 06:00:17.672 I/ReactNativeJS( 2552): [RP_SYNC] etapa catalogo ok em 6447ms | Catálogo: 19 categorias | 215 produtos | imagens por demanda
04-26 06:00:17.674 I/ReactNativeJS( 2552): [RP_SYNC] syncAll fim status=ok em 6448ms
04-26 06:00:17.675 I/ReactNativeJS( 2552): [RP_SYNC] ui Atualização Permissões do usuário em 0ms
04-26 06:00:17.677 I/ReactNativeJS( 2552): [RP_SYNC] menu refresh inicio preferCache=true forceRemote=false
04-26 06:00:17.690 I/ReactNativeJS( 2552): [RP_SYNC] ui Sincronização concluída em 2026-04-26T09:00:11.224Z | status: ok
04-26 06:00:17.717 I/ReactNativeJS( 2552): [RP_SYNC] menu refresh fim categorias=19 produtos=215 em 41ms
04-26 06:00:17.718 I/ReactNativeJS( 2552): [RP_SYNC] ui Atualização Cardápio em segundo plano em 42ms
04-26 06:00:21.225 I/ReactNativeJS( 2552): [RP_SYNC] ui Atualização Painel em segundo plano em 3.5s
04-26 06:00:21.226 I/ReactNativeJS( 2552): [RP_SYNC] menu prewarm inicio origem=inicial-focus cats=19 produtos=215
04-26 06:00:21.226 I/ReactNativeJS( 2552): [RP_SYNC] menu refresh inicio preferCache=true forceRemote=false
04-26 06:00:21.242 I/ReactNativeJS( 2552): [RP_SYNC] menu refresh fim categorias=19 produtos=215 em 15ms
04-26 06:00:21.242 I/ReactNativeJS( 2552): [RP_SYNC] menu prewarm fim origem=inicial-focus em 16ms
04-26 06:01:32.462 I/ReactNativeJS( 2552): [RP_SYNC] menu prewarm inicio origem=inicial-focus cats=19 produtos=215
04-26 06:01:32.463 I/ReactNativeJS( 2552): [RP_SYNC] menu refresh inicio preferCache=true forceRemote=false
04-26 06:01:32.484 I/ReactNativeJS( 2552): [RP_SYNC] menu refresh fim categorias=19 produtos=215 em 20ms
04-26 06:01:32.484 I/ReactNativeJS( 2552): [RP_SYNC] menu prewarm fim origem=inicial-focus em 22ms
04-26 06:02:35.850 I/ReactNativeJS( 2552): [RP_SYNC] menu prewarm inicio origem=inicial-focus cats=19 produtos=215
04-26 06:02:35.850 I/ReactNativeJS( 2552): [RP_SYNC] menu refresh inicio preferCache=true forceRemote=false
04-26 06:02:35.865 I/ReactNativeJS( 2552): [RP_SYNC] menu refresh fim categorias=19 produtos=215 em 15ms
04-26 06:02:35.865 I/ReactNativeJS( 2552): [RP_SYNC] menu prewarm fim origem=inicial-focus em 15ms
