
FAILURE: Build failed with an exception.

* What went wrong:
Execution failed for task ':react-native-reanimated:buildCMakeDebug[arm64-v8a]'.
> com.android.ide.common.process.ProcessException: ninja: Entering directory `C:\Users\Rafael\Desktop\Developer\Fast FOOD\LEMOVEL-REACT\APPReact\node_modules\react-native-reanimated\android\.cxx\Debug\332v441x\arm64-v8a'
  [0/2] Re-checking globbed directories...
  ninja: build stopped: .
  
  C++ build system [build] failed while executing:
      @echo off
      "C:\\Users\\Rafael\\AppData\\Local\\Android\\Sdk\\cmake\\3.22.1\\bin\\ninja.exe" ^
        -C ^
        "C:\\Users\\Rafael\\Desktop\\Developer\\Fast FOOD\\LEMOVEL-REACT\\APPReact\\node_modules\\react-native-reanimated\\android\\.cxx\\Debug\\332v441x\\arm64-v8a" ^
        reanimated ^
        worklets
    from C:\Users\Rafael\Desktop\Developer\Fast FOOD\LEMOVEL-REACT\APPReact\node_modules\react-native-reanimated\android
  ninja: error: mkdir(src/main/cpp/worklets/CMakeFiles/worklets.dir/C_/Users/Rafael/Desktop/Developer/Fast_FOOD/LEMOVEL-REACT/APPReact/node_modules): No such file or directory

* Try:
> Run with --stacktrace option to get the stack trace.
> Run with --info or --debug option to get more log output.
> Run with --scan to get full insights.
> Get more help at https://help.gradle.org.

BUILD FAILED in 1m 7s
Error: C:\Users\Rafael\Desktop\Developer\Fast FOOD\LEMOVEL-REACT\APPReact\android\gradlew.bat app:assembleDebug -x lint -x test --configure-on-demand --build-cache -PreactNativeDevServerPort=8081 -PreactNativeArchitectures=arm64-v8a,armeabi-v7a exited with non-zero code: 1
Error: C:\Users\Rafael\Desktop\Developer\Fast FOOD\LEMOVEL-REACT\APPReact\android\gradlew.bat app:assembleDebug -x lint -x test --configure-on-demand --build-cache -PreactNativeDevServerPort=8081 -PreactNativeArchitectures=arm64-v8a,armeabi-v7a exited with non-zero code: 1
    at ChildProcess.completionListener (C:\Users\Rafael\Desktop\Developer\Fast FOOD\LEMOVEL-REACT\APPReact\node_modules\@expo\spawn-async\src\spawnAsync.ts:67:13)
    at Object.onceWrapper (node:events:623:26)
    at ChildProcess.emit (node:events:508:28)
    at ChildProcess.cp.emit (C:\Users\Rafael\Desktop\Developer\Fast FOOD\LEMOVEL-REACT\APPReact\node_modules\cross-spawn\lib\enoent.js:34:29)
    at maybeClose (node:internal/child_process:1100:16)
    at Process.ChildProcess._handle.onexit (node:internal/child_process:305:5)
    ...
    at spawnAsync (C:\Users\Rafael\Desktop\Developer\Fast FOOD\LEMOVEL-REACT\APPReact\node_modules\@expo\spawn-async\src\spawnAsync.ts:28:21)
    at spawnGradleAsync (C:\Users\Rafael\Desktop\Developer\Fast FOOD\LEMOVEL-REACT\APPReact\node_modules\@expo\cli\src\start\platforms\android\gradle.ts:134:28)
    at assembleAsync (C:\Users\Rafael\Desktop\Developer\Fast FOOD\LEMOVEL-REACT\APPReact\node_modules\@expo\cli\src\start\platforms\android\gradle.ts:83:16)
    at runAndroidAsync (C:\Users\Rafael\Desktop\Developer\Fast FOOD\LEMOVEL-REACT\APPReact\node_modules\@expo\cli\src\run\android\runAndroidAsync.ts:48:24)
